Component: ARM Compiler 5.06 update 5 (build 528) Tool: armlink [4d35e2]

==============================================================================

Section Cross References

    startup_stm32f10x_md.o(RESET) refers to startup_stm32f10x_md.o(STACK) for __initial_sp
    startup_stm32f10x_md.o(RESET) refers to startup_stm32f10x_md.o(.text) for Reset_Handler
    startup_stm32f10x_md.o(RESET) refers to port.o(.emb_text) for SVC_Handler
    startup_stm32f10x_md.o(RESET) refers to main.o(i.SysTick_Handler) for SysTick_Handler
    startup_stm32f10x_md.o(RESET) refers to dri_usart3.o(i.USART3_IRQHandler) for USART3_IRQHandler
    startup_stm32f10x_md.o(.text) refers to system_stm32f10x.o(i.SystemInit) for SystemInit
    startup_stm32f10x_md.o(.text) refers to entry.o(.ARM.Collect$$$$00000000) for __main
    system_stm32f10x.o(i.SetSysClock) refers to system_stm32f10x.o(i.SetSysClockTo72) for SetSysClockTo72
    system_stm32f10x.o(i.SystemCoreClockUpdate) refers to system_stm32f10x.o(.data) for SystemCoreClock
    system_stm32f10x.o(i.SystemInit) refers to system_stm32f10x.o(i.SetSysClock) for SetSysClock
    main.o(i.SysTick_Handler) refers to tasks.o(i.xTaskGetSchedulerState) for xTaskGetSchedulerState
    main.o(i.SysTick_Handler) refers to port.o(i.xPortSysTickHandler) for xPortSysTickHandler
    main.o(i.main) refers to dri_usart3.o(i.Driver_USART3_Init) for Driver_USART3_Init
    main.o(i.main) refers to int_tb6612.o(i.Int_TB6612_Init) for Int_TB6612_Init
    main.o(i.main) refers to int_encoder.o(i.Int_Encoder_Init) for Int_Encoder_Init
    main.o(i.main) refers to int_mpu6050.o(i.Int_MPU6050_Init) for Int_MPU6050_Init
    main.o(i.main) refers to app_task.o(i.App_Task_Init) for App_Task_Init
    dri_usart3.o(i.Serial_GetRxFlag) refers to dri_usart3.o(.data) for Serial_RxFlag
    dri_usart3.o(i.Serial_Printf) refers to printfa.o(i.__0vsprintf) for vsprintf
    dri_usart3.o(i.Serial_Printf) refers to dri_usart3.o(i.Serial_SendString) for Serial_SendString
    dri_usart3.o(i.Serial_SendArray) refers to dri_usart3.o(i.Serial_SendByte) for Serial_SendByte
    dri_usart3.o(i.Serial_SendNumber) refers to dri_usart3.o(i.Serial_Pow) for Serial_Pow
    dri_usart3.o(i.Serial_SendNumber) refers to dri_usart3.o(i.Serial_SendByte) for Serial_SendByte
    dri_usart3.o(i.Serial_SendString) refers to dri_usart3.o(i.Serial_SendByte) for Serial_SendByte
    dri_usart3.o(i.USART3_IRQHandler) refers to dri_usart3.o(.data) for RxState
    dri_usart3.o(i.USART3_IRQHandler) refers to dri_usart3.o(.bss) for Serial_RxPacket
    dri_usart3.o(i.fputc) refers to dri_usart3.o(i.Serial_SendByte) for Serial_SendByte
    int_tb6612.o(i.Int_TB6612_Init) refers to dri_tim.o(i.Dri_TIM2_Init) for Dri_TIM2_Init
    int_tb6612.o(i.Int_TB6612_SetPWM) refers to int_tb6612.o(i.Int_TB6612_MotorA) for Int_TB6612_MotorA
    int_tb6612.o(i.Int_TB6612_SetPWM) refers to int_tb6612.o(i.Int_TB6612_MotorB) for Int_TB6612_MotorB
    int_encoder.o(i.Int_Encoder_Init) refers to dri_tim.o(i.Dri_TIM3_Init) for Dri_TIM3_Init
    int_encoder.o(i.Int_Encoder_Init) refers to dri_tim.o(i.Dri_TIM4_Init) for Dri_TIM4_Init
    int_mpu6050.o(i.Int_MPU6050_Get_Accel) refers to int_mpu6050.o(i.Int_MPU6050_ReadBytes) for Int_MPU6050_ReadBytes
    int_mpu6050.o(i.Int_MPU6050_Get_Gyro) refers to int_mpu6050.o(i.Int_MPU6050_ReadBytes) for Int_MPU6050_ReadBytes
    int_mpu6050.o(i.Int_MPU6050_Init) refers to dri_i2c.o(i.Driver_I2C1_Init) for Driver_I2C1_Init
    int_mpu6050.o(i.Int_MPU6050_Init) refers to int_mpu6050.o(i.Int_MPU6050_WriteByte) for Int_MPU6050_WriteByte
    int_mpu6050.o(i.Int_MPU6050_Init) refers to main.o(i.for_delay_ms) for for_delay_ms
    int_mpu6050.o(i.Int_MPU6050_Init) refers to int_mpu6050.o(i.Int_MPU6050_ReadByte) for Int_MPU6050_ReadByte
    int_mpu6050.o(i.Int_MPU6050_Init) refers to int_mpu6050.o(i.Int_MPU6050_SetGyroRate) for Int_MPU6050_SetGyroRate
    int_mpu6050.o(i.Int_MPU6050_ReadByte) refers to dri_i2c.o(i.Driver_I2C1_Start) for Driver_I2C1_Start
    int_mpu6050.o(i.Int_MPU6050_ReadByte) refers to dri_i2c.o(i.Driver_I2C_SendAddr) for Driver_I2C_SendAddr
    int_mpu6050.o(i.Int_MPU6050_ReadByte) refers to dri_i2c.o(i.Driver_I2C_SendByte) for Driver_I2C_SendByte
    int_mpu6050.o(i.Int_MPU6050_ReadByte) refers to dri_i2c.o(i.Driver_I2C1_NAck) for Driver_I2C1_NAck
    int_mpu6050.o(i.Int_MPU6050_ReadByte) refers to dri_i2c.o(i.Driver_I2C1_Stop) for Driver_I2C1_Stop
    int_mpu6050.o(i.Int_MPU6050_ReadByte) refers to dri_i2c.o(i.Driver_I2C_ReadByte) for Driver_I2C_ReadByte
    int_mpu6050.o(i.Int_MPU6050_ReadBytes) refers to dri_i2c.o(i.Driver_I2C1_Start) for Driver_I2C1_Start
    int_mpu6050.o(i.Int_MPU6050_ReadBytes) refers to dri_i2c.o(i.Driver_I2C_SendAddr) for Driver_I2C_SendAddr
    int_mpu6050.o(i.Int_MPU6050_ReadBytes) refers to dri_i2c.o(i.Driver_I2C_SendByte) for Driver_I2C_SendByte
    int_mpu6050.o(i.Int_MPU6050_ReadBytes) refers to dri_i2c.o(i.Driver_I2C1_Ack) for Driver_I2C1_Ack
[...]
    printfa.o(i.__0printf) refers to dri_usart3.o(i.fputc) for fputc
    printfa.o(i.__0printf) refers to stdout.o(.data) for __stdout
    printfa.o(i.__0snprintf) refers (Special) to iusefp.o(.text) for __I$use$fp
    printfa.o(i.__0snprintf) refers to printfa.o(i._printf_core) for _printf_core
    printfa.o(i.__0snprintf) refers to printfa.o(i._snputc) for _snputc
    printfa.o(i.__0sprintf) refers (Special) to iusefp.o(.text) for __I$use$fp
    printfa.o(i.__0sprintf) refers to printfa.o(i._printf_core) for _printf_core
    printfa.o(i.__0sprintf) refers to printfa.o(i._sputc) for _sputc
    printfa.o(i.__0vfprintf) refers (Special) to iusefp.o(.text) for __I$use$fp
    printfa.o(i.__0vfprintf) refers to printfa.o(i._printf_core) for _printf_core
    printfa.o(i.__0vfprintf) refers to dri_usart3.o(i.fputc) for fputc
    printfa.o(i.__0vprintf) refers (Special) to iusefp.o(.text) for __I$use$fp
    printfa.o(i.__0vprintf) refers to printfa.o(i._printf_core) for _printf_core
    printfa.o(i.__0vprintf) refers to dri_usart3.o(i.fputc) for fputc
    printfa.o(i.__0vprintf) refers to stdout.o(.data) for __stdout
    printfa.o(i.__0vsnprintf) refers (Special) to iusefp.o(.text) for __I$use$fp
    printfa.o(i.__0vsnprintf) refers to printfa.o(i._printf_core) for _printf_core
    printfa.o(i.__0vsnprintf) refers to printfa.o(i._snputc) for _snputc
    printfa.o(i.__0vsprintf) refers (Special) to iusefp.o(.text) for __I$use$fp
    printfa.o(i.__0vsprintf) refers to printfa.o(i._printf_core) for _printf_core
    printfa.o(i.__0vsprintf) refers to printfa.o(i._sputc) for _sputc
    printfa.o(i._fp_digits) refers (Special) to iusefp.o(.text) for __I$use$fp
    printfa.o(i._fp_digits) refers to dmul.o(.text) for __aeabi_dmul
    printfa.o(i._fp_digits) refers to ddiv.o(.text) for __aeabi_ddiv
    printfa.o(i._fp_digits) refers to cdrcmple.o(.text) for __aeabi_cdrcmple
    printfa.o(i._fp_digits) refers to dadd.o(.text) for __aeabi_dadd
    printfa.o(i._fp_digits) refers to dfixul.o(.text) for __aeabi_d2ulz
    printfa.o(i._fp_digits) refers to uldiv.o(.text) for __aeabi_uldivmod
    printfa.o(i._printf_core) refers (Special) to iusefp.o(.text) for __I$use$fp
    printfa.o(i._printf_core) refers to printfa.o(i._printf_pre_padding) for _printf_pre_padding
    printfa.o(i._printf_core) refers to uldiv.o(.text) for __aeabi_uldivmod
    printfa.o(i._printf_core) refers to printfa.o(i._printf_post_padding) for _printf_post_padding
    printfa.o(i._printf_core) refers to printfa.o(i._fp_digits) for _fp_digits
    printfa.o(i._printf_core) refers to uidiv.o(.text) for __aeabi_uidivmod
    printfa.o(i._printf_post_padding) refers (Special) to iusefp.o(.text) for __I$use$fp
    printfa.o(i._printf_pre_padding) refers (Special) to iusefp.o(.text) for __I$use$fp
    printfa.o(i._snputc) refers (Special) to iusefp.o(.text) for __I$use$fp
    printfa.o(i._sputc) refers (Special) to iusefp.o(.text) for __I$use$fp
    fadd.o(.text) refers (Special) to iusefp.o(.text) for __I$use$fp
    fadd.o(.text) refers to fepilogue.o(.text) for _float_epilogue
    fmul.o(.text) refers (Special) to iusefp.o(.text) for __I$use$fp
    fdiv.o(.text) refers (Special) to iusefp.o(.text) for __I$use$fp
    fdiv.o(.text) refers to fepilogue.o(.text) for _float_round
    dadd.o(.text) refers (Special) to iusefp.o(.text) for __I$use$fp
    dadd.o(.text) refers to llshl.o(.text) for __aeabi_llsl
    dadd.o(.text) refers to llsshr.o(.text) for __aeabi_lasr
    dadd.o(.text) refers to depilogue.o(.text) for _double_epilogue
    dmul.o(.text) refers (Special) to iusefp.o(.text) for __I$use$fp
    dmul.o(.text) refers to depilogue.o(.text) for _double_epilogue
    ddiv.o(.text) refers (Special) to iusefp.o(.text) for __I$use$fp
    ddiv.o(.text) refers to depilogue.o(.text) for _double_round
    fflti.o(.text) refers (Special) to iusefp.o(.text) for __I$use$fp
    fflti.o(.text) refers to fepilogue.o(.text) for _float_epilogue
    ffltui.o(.text) refers (Special) to iusefp.o(.text) for __I$use$fp
    ffltui.o(.text) refers to fepilogue.o(.text) for _float_epilogue
    dflti.o(.text) refers (Special) to iusefp.o(.text) for __I$use$fp
    dflti.o(.text) refers to depilogue.o(.text) for _double_epilogue
    ffixi.o(.text) refers (Special) to iusefp.o(.text) for __I$use$fp
    dfixi.o(.text) refers (Special) to iusefp.o(.text) for __I$use$fp
    dfixi.o(.text) refers to llushr.o(.text) for __aeabi_llsr
    f2d.o(.text) refers (Special) to iusefp.o(.text) for __I$use$fp
    d2f.o(.text) refers (Special) to iusefp.o(.text) for __I$use$fp
    d2f.o(.text) refers to fepilogue.o(.text) for _float_round
    atan.o(i.__softfp_atan) refers (Special) to iusefp.o(.text) for __I$use$fp
    atan.o(i.__softfp_atan) refers to atan.o(i.atan) for atan
    atan.o(i.atan) refers (Special) to iusefp.o(.text) for __I$use$fp
    atan.o(i.atan) refers to dunder.o(i.__mathlib_dbl_infnan) for __mathlib_dbl_infnan
    atan.o(i.atan) refers to fpclassify.o(i.__ARM_fpclassify) for __ARM_fpclassify
    atan.o(i.atan) refers to dunder.o(i.__mathlib_dbl_underflow) for __mathlib_dbl_underflow
    atan.o(i.atan) refers to dadd.o(.text) for __aeabi_dadd
    atan.o(i.atan) refers to dscalb.o(.text) for __ARM_scalbn
    atan.o(i.atan) refers to ddiv.o(.text) for __aeabi_ddiv
    atan.o(i.atan) refers to dmul.o(.text) for __aeabi_dmul
    atan.o(i.atan) refers to poly.o(i.__kernel_poly) for __kernel_poly
    atan.o(i.atan) refers to atan.o(.constdata) for .constdata
    atan.o(.constdata) refers (Special) to iusefp.o(.text) for __I$use$fp
    atan_x.o(i.____softfp_atan$lsc) refers (Special) to iusefp.o(.text) for __I$use$fp
    atan_x.o(i.____softfp_atan$lsc) refers to atan_x.o(i.__atan$lsc) for __atan$lsc
    atan_x.o(i.__atan$lsc) refers (Special) to iusefp.o(.text) for __I$use$fp
    atan_x.o(i.__atan$lsc) refers to dunder.o(i.__mathlib_dbl_infnan) for __mathlib_dbl_infnan
    atan_x.o(i.__atan$lsc) refers to dadd.o(.text) for __aeabi_dadd
    atan_x.o(i.__atan$lsc) refers to dscalb.o(.text) for __ARM_scalbn
    atan_x.o(i.__atan$lsc) refers to ddiv.o(.text) for __aeabi_ddiv
    atan_x.o(i.__atan$lsc) refers to dmul.o(.text) for __aeabi_dmul
    atan_x.o(i.__atan$lsc) refers to poly.o(i.__kernel_poly) for __kernel_poly
    atan_x.o(i.__atan$lsc) refers to atan_x.o(.constdata) for .constdata
    atan_x.o(.constdata) refers (Special) to iusefp.o(.text) for __I$use$fp
    dunder.o(i.__mathlib_dbl_divzero) refers to ddiv.o(.text) for __aeabi_ddiv
    dunder.o(i.__mathlib_dbl_infnan) refers to dscalb.o(.text) for __ARM_scalbn
    dunder.o(i.__mathlib_dbl_infnan2) refers to dadd.o(.text) for __aeabi_dadd
    dunder.o(i.__mathlib_dbl_invalid) refers to ddiv.o(.text) for __aeabi_ddiv
    dunder.o(i.__mathlib_dbl_overflow) refers to dscalb.o(.text) for __ARM_scalbn
    dunder.o(i.__mathlib_dbl_posinfnan) refers to dmul.o(.text) for __aeabi_dmul
    dunder.o(i.__mathlib_dbl_underflow) refers to dscalb.o(.text) for __ARM_scalbn
    qnan.o(.constdata) refers (Special) to iusefp.o(.text) for __I$use$fp
    entry2.o(.ARM.Collect$$$$00000001) refers to entry2.o(.ARM.Collect$$$$00002712) for __lit__00000000
    entry2.o(.ARM.Collect$$$$00002712) refers to startup_stm32f10x_md.o(STACK) for __initial_sp
    entry2.o(__vectab_stack_and_reset_area) refers to startup_stm32f10x_md.o(STACK) for __initial_sp
    entry2.o(__vectab_stack_and_reset_area) refers to entry.o(.ARM.Collect$$$$00000000) for __main
    entry5.o(.ARM.Collect$$$$00000004) refers to init.o(.text) for __scatterload
    entry9a.o(.ARM.Collect$$$$0000000B) refers to main.o(i.main) for main
    entry9b.o(.ARM.Collect$$$$0000000C) refers to main.o(i.main) for main
    uldiv.o(.text) refers to llushr.o(.text) for __aeabi_llsr
    uldiv.o(.text) refers to llshl.o(.text) for __aeabi_llsl
    errno.o(i.__aeabi_errno_addr) refers to errno.o(.data) for .data
    errno.o(i.__read_errno) refers to errno.o(.data) for .data
    errno.o(i.__set_errno) refers to errno.o(.data) for .data
    depilogue.o(.text) refers to llshl.o(.text) for __aeabi_llsl
    depilogue.o(.text) refers to llushr.o(.text) for __aeabi_llsr
    dfixul.o(.text) refers to llushr.o(.text) for __aeabi_llsr
    dfixul.o(.text) refers to llshl.o(.text) for __aeabi_llsl
    fpclassify.o(i.__ARM_fpclassify) refers (Special) to iusefp.o(.text) for __I$use$fp
    poly.o(i.__kernel_poly) refers (Special) to iusefp.o(.text) for __I$use$fp
    poly.o(i.__kernel_poly) refers to dmul.o(.text) for __aeabi_dmul
    poly.o(i.__kernel_poly) refers to dadd.o(.text) for __aeabi_dadd
    init.o(.text) refers to entry5.o(.ARM.Collect$$$$00000004) for __main_after_scatterload


==============================================================================

Removing Unused input sections from the image.

    Removing core_cm3.o(.emb_text), (32 bytes).
    Removing startup_stm32f10x_md.o(HEAP), (512 bytes).
    Removing system_stm32f10x.o(i.SystemCoreClockUpdate), (164 bytes).
    Removing system_stm32f10x.o(.data), (20 bytes).
    Removing dri_usart3.o(i.Serial_GetRxFlag), (28 bytes).
    Removing dri_usart3.o(i.Serial_Pow), (20 bytes).
    Removing dri_usart3.o(i.Serial_SendArray), (26 bytes).
    Removing dri_usart3.o(i.Serial_SendNumber), (54 bytes).
    Removing dri_usart3.o(i.fputc), (16 bytes).
    Removing int_mpu6050.o(i.Int_MPU6050_WriteBytes), (54 bytes).
    Removing app_car.o(i.App_Car_Display), (2 bytes).
    Removing app_task.o(i.App_Task_Display), (28 bytes).
    Removing event_groups.o(i.prvTestWaitCondition), (30 bytes).
    Removing event_groups.o(i.vEventGroupClearBitsCallback), (16 bytes).
    Removing event_groups.o(i.vEventGroupDelete), (42 bytes).
    Removing event_groups.o(i.vEventGroupSetBitsCallback), (16 bytes).
    Removing event_groups.o(i.xEventGroupClearBits), (32 bytes).
    Removing event_groups.o(i.xEventGroupCreate), (26 bytes).
    Removing event_groups.o(i.xEventGroupGetBitsFromISR), (44 bytes).
    Removing event_groups.o(i.xEventGroupSetBits), (146 bytes).
    Removing event_groups.o(i.xEventGroupSync), (168 bytes).
    Removing event_groups.o(i.xEventGroupWaitBits), (204 bytes).
    Removing queue.o(i.prvCopyDataFromQueue), (42 bytes).
    Removing queue.o(i.prvCopyDataToQueue), (106 bytes).
    Removing queue.o(i.prvInitialiseNewQueue), (38 bytes).
    Removing queue.o(i.prvIsQueueEmpty), (26 bytes).
    Removing queue.o(i.prvIsQueueFull), (30 bytes).
    Removing queue.o(i.prvUnlockQueue), (126 bytes).
    Removing queue.o(i.uxQueueGetQueueItemSize), (6 bytes).
    Removing queue.o(i.uxQueueGetQueueLength), (6 bytes).
    Removing queue.o(i.uxQueueMessagesWaiting), (18 bytes).
    Removing queue.o(i.uxQueueMessagesWaitingFromISR), (8 bytes).
    Removing queue.o(i.uxQueueSpacesAvailable), (24 bytes).
    Removing queue.o(i.vQueueDelete), (14 bytes).
    Removing queue.o(i.xQueueGenericCreate), (76 bytes).
    Removing queue.o(i.xQueueGenericReset), (160 bytes).
    Removing queue.o(i.xQueueGenericSend), (280 bytes).
    Removing queue.o(i.xQueueGenericSendFromISR), (154 bytes).
    Removing queue.o(i.xQueueGiveFromISR), (134 bytes).
    Removing queue.o(i.xQueueIsQueueEmptyFromISR), (16 bytes).
    Removing queue.o(i.xQueueIsQueueFullFromISR), (22 bytes).
    Removing queue.o(i.xQueuePeek), (268 bytes).
    Removing queue.o(i.xQueuePeekFromISR), (74 bytes).
    Removing queue.o(i.xQueueReceive), (260 bytes).
    Removing queue.o(i.xQueueReceiveFromISR), (142 bytes).
    Removing queue.o(i.xQueueSemaphoreTake), (240 bytes).
    Removing stream_buffer.o(i.prvBytesInBuffer), (24 bytes).
    Removing stream_buffer.o(i.prvInitialiseNewStreamBuffer), (46 bytes).
    Removing stream_buffer.o(i.prvReadBytesFromBuffer), (76 bytes).
    Removing stream_buffer.o(i.prvReadMessageFromBuffer), (90 bytes).
    Removing stream_buffer.o(i.prvWriteBytesToBuffer), (76 bytes).
    Removing stream_buffer.o(i.prvWriteMessageToBuffer), (88 bytes).
    Removing stream_buffer.o(i.uxStreamBufferGetStreamBufferNotificationIndex), (8 bytes).
    Removing stream_buffer.o(i.vStreamBufferDelete), (32 bytes).
    Removing stream_buffer.o(i.vStreamBufferSetStreamBufferNotificationIndex), (6 bytes).
    Removing stream_buffer.o(i.xStreamBufferBytesAvailable), (18 bytes).
    Removing stream_buffer.o(i.xStreamBufferGenericCreate), (92 bytes).
    Removing stream_buffer.o(i.xStreamBufferIsEmpty), (22 bytes).
    Removing stream_buffer.o(i.xStreamBufferIsFull), (40 bytes).
    Removing stream_buffer.o(i.xStreamBufferNextMessageLengthBytes), (52 bytes).
    Removing stream_buffer.o(i.xStreamBufferReceive), (192 bytes).
    Removing stream_buffer.o(i.xStreamBufferReceiveCompletedFromISR), (80 bytes).
    Removing stream_buffer.o(i.xStreamBufferReceiveFromISR), (134 bytes).
    Removing stream_buffer.o(i.xStreamBufferReset), (56 bytes).
    Removing stream_buffer.o(i.xStreamBufferResetFromISR), (80 bytes).
    Removing stream_buffer.o(i.xStreamBufferSend), (226 bytes).
    Removing stream_buffer.o(i.xStreamBufferSendCompletedFromISR), (80 bytes).
    Removing stream_buffer.o(i.xStreamBufferSendFromISR), (136 bytes).
    Removing stream_buffer.o(i.xStreamBufferSetTriggerLevel), (26 bytes).
    Removing stream_buffer.o(i.xStreamBufferSpacesAvailable), (40 bytes).
    Removing tasks.o(i.pcTaskGetName), (24 bytes).
    Removing tasks.o(i.prvTaskIsTaskSuspended), (96 bytes).
    Removing tasks.o(i.ulTaskGenericNotifyValueClear), (64 bytes).
    Removing tasks.o(i.uxTaskGetNumberOfTasks), (12 bytes).
    Removing tasks.o(i.uxTaskPriorityGet), (36 bytes).
    Removing tasks.o(i.uxTaskPriorityGetFromISR), (56 bytes).
    Removing tasks.o(i.uxTaskResetEventItemValue), (28 bytes).
    Removing tasks.o(i.vTaskDelay), (52 bytes).
    Removing tasks.o(i.vTaskEndScheduler), (64 bytes).
    Removing tasks.o(i.vTaskGenericNotifyGiveFromISR), (348 bytes).
    Removing tasks.o(i.vTaskInternalSetTimeOutState), (24 bytes).
    Removing tasks.o(i.vTaskMissedYield), (12 bytes).
    Removing tasks.o(i.vTaskPlaceOnEventList), (32 bytes).
    Removing tasks.o(i.vTaskPlaceOnUnorderedEventList), (84 bytes).
    Removing tasks.o(i.vTaskPrioritySet), (304 bytes).
    Removing tasks.o(i.vTaskRemoveFromUnorderedEventList), (224 bytes).
    Removing tasks.o(i.vTaskResetState), (116 bytes).
    Removing tasks.o(i.vTaskResume), (188 bytes).
    Removing tasks.o(i.vTaskSetTimeOutState), (36 bytes).
    Removing tasks.o(i.vTaskSuspend), (220 bytes).
    Removing tasks.o(i.xTaskCatchUpTicks), (40 bytes).
    Removing tasks.o(i.xTaskCheckForTimeOut), (96 bytes).
    Removing tasks.o(i.xTaskGenericNotifyFromISR), (516 bytes).
    Removing tasks.o(i.xTaskGenericNotifyStateClear), (64 bytes).
    Removing tasks.o(i.xTaskGenericNotifyWait), (208 bytes).
    Removing tasks.o(i.xTaskGetCurrentTaskHandle), (12 bytes).
    Removing tasks.o(i.xTaskGetCurrentTaskHandleForCore), (32 bytes).
    Removing tasks.o(i.xTaskGetTickCountFromISR), (12 bytes).
    Removing tasks.o(i.xTaskRemoveFromEventList), (280 bytes).
    Removing tasks.o(i.xTaskResumeFromISR), (220 bytes).
    Removing heap_4.o(i.pvPortCalloc), (54 bytes).
    Removing heap_4.o(i.vPortGetHeapStats), (128 bytes).
    Removing heap_4.o(i.vPortHeapResetState), (44 bytes).
    Removing heap_4.o(i.vPortInitialiseBlocks), (2 bytes).
    Removing heap_4.o(i.xPortGetFreeHeapSize), (12 bytes).
    Removing heap_4.o(i.xPortGetMinimumEverFreeHeapSize), (12 bytes).
    Removing port.o(i.vPortEndScheduler), (2 bytes).

107 unused section(s) (total 9424 bytes) removed from the image.

==============================================================================

Image Symbol Table

    Local Symbols

    Symbol Name                              Value     Ov Type        Size  Object(Section)

    ../clib/../cmprslib/zerorunl.c           0x00000000   Number         0  __dczerorl.o ABSOLUTE
    ../clib/microlib/division.c              0x00000000   Number         0  uidiv.o ABSOLUTE
    ../clib/microlib/division.c              0x00000000   Number         0  uldiv.o ABSOLUTE
    ../clib/microlib/errno.c                 0x00000000   Number         0  errno.o ABSOLUTE
    ../clib/microlib/init/entry.s            0x00000000   Number         0  entry2.o ABSOLUTE
    ../clib/microlib/init/entry.s            0x00000000   Number         0  entry5.o ABSOLUTE
    ../clib/microlib/init/entry.s            0x00000000   Number         0  entry7a.o ABSOLUTE
    ../clib/microlib/init/entry.s            0x00000000   Number         0  entry7b.o ABSOLUTE
    ../clib/microlib/init/entry.s            0x00000000   Number         0  entry8a.o ABSOLUTE
    ../clib/microlib/init/entry.s            0x00000000   Number         0  entry8b.o ABSOLUTE
    ../clib/microlib/init/entry.s            0x00000000   Number         0  entry9a.o ABSOLUTE
    ../clib/microlib/init/entry.s            0x00000000   Number         0  entry.o ABSOLUTE
    ../clib/microlib/init/entry.s            0x00000000   Number         0  entry9b.o ABSOLUTE
    ../clib/microlib/init/entry.s            0x00000000   Number         0  entry10a.o ABSOLUTE
    ../clib/microlib/init/entry.s            0x00000000   Number         0  entry10b.o ABSOLUTE
    ../clib/microlib/init/entry.s            0x00000000   Number         0  entry11a.o ABSOLUTE
    ../clib/microlib/init/entry.s            0x00000000   Number         0  entry11b.o ABSOLUTE
    ../clib/microlib/longlong.c              0x00000000   Number         0  llushr.o ABSOLUTE
    ../clib/microlib/longlong.c              0x00000000   Number         0  llshl.o ABSOLUTE
    ../clib/microlib/longlong.c              0x00000000   Number         0  llsshr.o ABSOLUTE
    ../clib/microlib/printf/printf.c         0x00000000   Number         0  printfa.o ABSOLUTE
    ../clib/microlib/stdio/streams.c         0x00000000   Number         0  stdout.o ABSOLUTE
    ../clib/microlib/string/memcpy.c         0x00000000   Number         0  memcpya.o ABSOLUTE
    ../clib/microlib/string/memcpy.c         0x00000000   Number         0  memcpyb.o ABSOLUTE
    ../clib/microlib/string/memset.c         0x00000000   Number         0  memseta.o ABSOLUTE
    ../clib/microlib/stubs.s                 0x00000000   Number         0  iusefp.o ABSOLUTE
    ../fplib/microlib/d2f.c                  0x00000000   Number         0  d2f.o ABSOLUTE
    ../fplib/microlib/f2d.c                  0x00000000   Number         0  f2d.o ABSOLUTE
    ../fplib/microlib/fpadd.c                0x00000000   Number         0  dadd.o ABSOLUTE
    ../fplib/microlib/fpadd.c                0x00000000   Number         0  fadd.o ABSOLUTE
    ../fplib/microlib/fpdiv.c                0x00000000   Number         0  fdiv.o ABSOLUTE
    ../fplib/microlib/fpdiv.c                0x00000000   Number         0  ddiv.o ABSOLUTE
    ../fplib/microlib/fpepilogue.c           0x00000000   Number         0  depilogue.o ABSOLUTE
    ../fplib/microlib/fpepilogue.c           0x00000000   Number         0  fepilogue.o ABSOLUTE
    ../fplib/microlib/fpfix.c                0x00000000   Number         0  ffixi.o ABSOLUTE
    ../fplib/microlib/fpfix.c                0x00000000   Number         0  dfixul.o ABSOLUTE
    ../fplib/microlib/fpfix.c                0x00000000   Number         0  dfixi.o ABSOLUTE
    ../fplib/microlib/fpflt.c                0x00000000   Number         0  fflti.o ABSOLUTE
    ../fplib/microlib/fpflt.c                0x00000000   Number         0  ffltui.o ABSOLUTE
    ../fplib/microlib/fpflt.c                0x00000000   Number         0  dflti.o ABSOLUTE
    ../fplib/microlib/fpmul.c                0x00000000   Number         0  dmul.o ABSOLUTE
    ../fplib/microlib/fpmul.c                0x00000000   Number         0  fmul.o ABSOLUTE
    ../fplib/microlib/fpscalb.c              0x00000000   Number         0  dscalb.o ABSOLUTE
    ../mathlib/atan.c                        0x00000000   Number         0  atan.o ABSOLUTE
    ../mathlib/atan.c                        0x00000000   Number         0  atan_x.o ABSOLUTE
    ../mathlib/atan2.c                       0x00000000   Number         0  atan2.o ABSOLUTE
    ../mathlib/atan2.c                       0x00000000   Number         0  atan2_x.o ABSOLUTE
    ../mathlib/dunder.c                      0x00000000   Number         0  dunder.o ABSOLUTE
    ../mathlib/fpclassify.c                  0x00000000   Number         0  fpclassify.o ABSOLUTE
    ../mathlib/poly.c                        0x00000000   Number         0  poly.o ABSOLUTE
    ../mathlib/qnan.c                        0x00000000   Number         0  qnan.o ABSOLUTE
    App\App_Car.c                            0x00000000   Number         0  app_car.o ABSOLUTE
    App\App_Task.c                           0x00000000   Number         0  app_task.o ABSOLUTE
    Com\Com_Filter.c                         0x00000000   Number         0  com_filter.o ABSOLUTE
    Com\Com_PID.c                            0x00000000   Number         0  com_pid.o ABSOLUTE
    Dri\Dri_I2C.c                            0x00000000   Number         0  dri_i2c.o ABSOLUTE
    Dri\Dri_TIM.c                            0x00000000   Number         0  dri_tim.o ABSOLUTE
    Dri\Dri_USART3.c                         0x00000000   Number         0  dri_usart3.o ABSOLUTE
    Int\Int_Encoder.c                        0x00000000   Number         0  int_encoder.o ABSOLUTE
    Int\Int_MPU6050.c                        0x00000000   Number         0  int_mpu6050.o ABSOLUTE
    Int\Int_TB6612.c                         0x00000000   Number         0  int_tb6612.o ABSOLUTE
    Mid\FreeRTOS\Portable\heap_4.c           0x00000000   Number         0  heap_4.o ABSOLUTE
    Mid\FreeRTOS\Portable\port.c             0x00000000   Number         0  port.o ABSOLUTE
    Mid\FreeRTOS\Source\croutine.c           0x00000000   Number         0  croutine.o ABSOLUTE
    Mid\FreeRTOS\Source\event_groups.c       0x00000000   Number         0  event_groups.o ABSOLUTE
    Mid\FreeRTOS\Source\list.c               0x00000000   Number         0  list.o ABSOLUTE
    Mid\FreeRTOS\Source\queue.c              0x00000000   Number         0  queue.o ABSOLUTE
    Mid\FreeRTOS\Source\stream_buffer.c      0x00000000   Number         0  stream_buffer.o ABSOLUTE
    Mid\FreeRTOS\Source\tasks.c              0x00000000   Number         0  tasks.o ABSOLUTE
    Mid\FreeRTOS\Source\timers.c             0x00000000   Number         0  timers.o ABSOLUTE
    Mid\\FreeRTOS\\Portable\\port.c          0x00000000   Number         0  port.o ABSOLUTE
    Start\\core_cm3.c                        0x00000000   Number         0  core_cm3.o ABSOLUTE
    Start\core_cm3.c                         0x00000000   Number         0  core_cm3.o ABSOLUTE
    Start\startup_stm32f10x_md.s             0x00000000   Number         0  startup_stm32f10x_md.o ABSOLUTE
    Start\system_stm32f10x.c                 0x00000000   Number         0  system_stm32f10x.o ABSOLUTE
    User\main.c                              0x00000000   Number         0  main.o ABSOLUTE
    cdrcmple.s                               0x00000000   Number         0  cdrcmple.o ABSOLUTE
    dc.s                                     0x00000000   Number         0  dc.o ABSOLUTE
    handlers.s                               0x00000000   Number         0  handlers.o ABSOLUTE
    init.s                                   0x00000000   Number         0  init.o ABSOLUTE
    RESET                                    0x08000000   Section      236  startup_stm32f10x_md.o(RESET)
    .ARM.Collect$$$$00000000                 0x080000ec   Section        0  entry.o(.ARM.Collect$$$$00000000)
    .ARM.Collect$$$$00000001                 0x080000ec   Section        4  entry2.o(.ARM.Collect$$$$00000001)
    .ARM.Collect$$$$00000004                 0x080000f0   Section        4  entry5.o(.ARM.Collect$$$$00000004)
    .ARM.Collect$$$$00000008                 0x080000f4   Section        0  entry7b.o(.ARM.Collect$$$$00000008)
    .ARM.Collect$$$$0000000A                 0x080000f4   Section        0  entry8b.o(.ARM.Collect$$$$0000000A)
    .ARM.Collect$$$$0000000B                 0x080000f4   Section        8  entry9a.o(.ARM.Collect$$$$0000000B)
    .ARM.Collect$$$$0000000D                 0x080000fc   Section        0  entry10a.o(.ARM.Collect$$$$0000000D)
    .ARM.Collect$$$$0000000F                 0x080000fc   Section        0  entry11a.o(.ARM.Collect$$$$0000000F)
    .ARM.Collect$$$$00002712                 0x080000fc   Section        4  entry2.o(.ARM.Collect$$$$00002712)
    __lit__00000000                          0x080000fc   Data           4  entry2.o(.ARM.Collect$$$$00002712)
    .emb_text                                0x08000100   Section      150  port.o(.emb_text)
    .text                                    0x08000198   Section       36  startup_stm32f10x_md.o(.text)
    .text                                    0x080001bc   Section        0  memseta.o(.text)
    .text                                    0x080001e0   Section        0  fadd.o(.text)
    .text                                    0x08000290   Section        0  fmul.o(.text)
    .text                                    0x080002f4   Section        0  fdiv.o(.text)
    .text                                    0x08000370   Section        0  dadd.o(.text)
    .text                                    0x080004be   Section        0  dmul.o(.text)
    .text                                    0x080005a2   Section        0  ddiv.o(.text)
    .text                                    0x08000680   Section        0  fflti.o(.text)
    .text                                    0x08000692   Section        0  ffltui.o(.text)
    .text                                    0x0800069c   Section        0  dflti.o(.text)
    .text                                    0x080006be   Section        0  ffixi.o(.text)
    .text                                    0x080006f0   Section        0  dfixi.o(.text)
    .text                                    0x0800072e   Section        0  f2d.o(.text)
    .text                                    0x08000754   Section        0  d2f.o(.text)
    .text                                    0x0800078c   Section        0  uidiv.o(.text)
    .text                                    0x080007b8   Section        0  uldiv.o(.text)
    .text                                    0x0800081a   Section        0  llshl.o(.text)
    .text                                    0x08000838   Section        0  llushr.o(.text)
    .text                                    0x08000858   Section        0  llsshr.o(.text)
    .text                                    0x0800087c   Section        0  fepilogue.o(.text)
    .text                                    0x0800087c   Section        0  iusefp.o(.text)
    .text                                    0x080008ea   Section        0  depilogue.o(.text)
    .text                                    0x080009a4   Section        0  dfixul.o(.text)
    .text                                    0x080009d4   Section       48  cdrcmple.o(.text)
    .text                                    0x08000a04   Section       36  init.o(.text)
    .text                                    0x08000a28   Section        0  dscalb.o(.text)
    .text                                    0x08000a56   Section        0  __dczerorl.o(.text)
    i.App_Car_GetAngle                       0x08000a90   Section        0  app_car.o(i.App_Car_GetAngle)
    i.App_Car_PID                            0x08000c4c   Section        0  app_car.o(i.App_Car_PID)
    i.App_Task_GetData                       0x08000d80   Section        0  app_task.o(i.App_Task_GetData)
    i.App_Task_Init                          0x08000db4   Section        0  app_task.o(i.App_Task_Init)
    i.App_Task_PID                           0x08000de8   Section        0  app_task.o(i.App_Task_PID)
    i.App_Task_Start                         0x08000dfc   Section        0  app_task.o(i.App_Task_Start)
    i.Com_Filter_Kalman                      0x08000e6c   Section        0  com_filter.o(i.Com_Filter_Kalman)
    i.Com_PID_Balance                        0x080010e4   Section        0  com_pid.o(i.Com_PID_Balance)
    i.Com_PID_Turn                           0x0800112c   Section        0  com_pid.o(i.Com_PID_Turn)
    i.Com_PID_Velocity                       0x0800114c   Section        0  com_pid.o(i.Com_PID_Velocity)
    i.Dri_TIM2_Init                          0x08001224   Section        0  dri_tim.o(i.Dri_TIM2_Init)
    i.Dri_TIM3_Init                          0x080012e4   Section        0  dri_tim.o(i.Dri_TIM3_Init)
    i.Dri_TIM4_Init                          0x080013d0   Section        0  dri_tim.o(i.Dri_TIM4_Init)
    i.Driver_I2C1_Ack                        0x080014bc   Section        0  dri_i2c.o(i.Driver_I2C1_Ack)
    i.Driver_I2C1_Init                       0x080014d0   Section        0  dri_i2c.o(i.Driver_I2C1_Init)
    i.Driver_I2C1_NAck                       0x08001564   Section        0  dri_i2c.o(i.Driver_I2C1_NAck)
    i.Driver_I2C1_Start                      0x08001578   Section        0  dri_i2c.o(i.Driver_I2C1_Start)
    i.Driver_I2C1_Stop                       0x080015ac   Section        0  dri_i2c.o(i.Driver_I2C1_Stop)
    i.Driver_I2C_ReadByte                    0x080015c0   Section        0  dri_i2c.o(i.Driver_I2C_ReadByte)
    i.Driver_I2C_SendAddr                    0x080015ec   Section        0  dri_i2c.o(i.Driver_I2C_SendAddr)
    i.Driver_I2C_SendByte                    0x08001624   Section        0  dri_i2c.o(i.Driver_I2C_SendByte)
    i.Driver_USART3_Init                     0x0800166c   Section        0  dri_usart3.o(i.Driver_USART3_Init)
    i.Int_Encoder_Init                       0x0800178c   Section        0  int_encoder.o(i.Int_Encoder_Init)
    i.Int_Encoder_ReadCounter                0x08001798   Section        0  int_encoder.o(i.Int_Encoder_ReadCounter)
    i.Int_MPU6050_Get_Accel                  0x080017d0   Section        0  int_mpu6050.o(i.Int_MPU6050_Get_Accel)
    i.Int_MPU6050_Get_Gyro                   0x08001814   Section        0  int_mpu6050.o(i.Int_MPU6050_Get_Gyro)
    i.Int_MPU6050_Init                       0x08001858   Section        0  int_mpu6050.o(i.Int_MPU6050_Init)
    i.Int_MPU6050_ReadByte                   0x080018ca   Section        0  int_mpu6050.o(i.Int_MPU6050_ReadByte)
    i.Int_MPU6050_ReadBytes                  0x080018fc   Section        0  int_mpu6050.o(i.Int_MPU6050_ReadBytes)
    i.Int_MPU6050_SetGyroRate                0x0800194c   Section        0  int_mpu6050.o(i.Int_MPU6050_SetGyroRate)
    i.Int_MPU6050_Set_DLPF_CFG               0x08001980   Section        0  int_mpu6050.o(i.Int_MPU6050_Set_DLPF_CFG)
    i.Int_MPU6050_WriteByte                  0x080019c4   Section        0  int_mpu6050.o(i.Int_MPU6050_WriteByte)
    i.Int_TB6612_Init                        0x080019e8   Section        0  int_tb6612.o(i.Int_TB6612_Init)
    i.Int_TB6612_MotorA                      0x08001a24   Section        0  int_tb6612.o(i.Int_TB6612_MotorA)
    i.Int_TB6612_MotorB                      0x08001a7c   Section        0  int_tb6612.o(i.Int_TB6612_MotorB)
    i.Int_TB6612_SetPWM                      0x08001ad4   Section        0  int_tb6612.o(i.Int_TB6612_SetPWM)
    i.Serial_Printf                          0x08001b3c   Section        0  dri_usart3.o(i.Serial_Printf)
    i.Serial_SendByte                        0x08001b60   Section        0  dri_usart3.o(i.Serial_SendByte)
    i.Serial_SendString                      0x08001b7c   Section        0  dri_usart3.o(i.Serial_SendString)
    i.SetSysClock                            0x08001b96   Section        0  system_stm32f10x.o(i.SetSysClock)
    SetSysClock                              0x08001b97   Thumb Code     8  system_stm32f10x.o(i.SetSysClock)
    i.SetSysClockTo72                        0x08001ba0   Section        0  system_stm32f10x.o(i.SetSysClockTo72)
    SetSysClockTo72                          0x08001ba1   Thumb Code   214  system_stm32f10x.o(i.SetSysClockTo72)
    i.SysTick_Handler                        0x08001c80   Section        0  main.o(i.SysTick_Handler)
    i.SystemInit                             0x08001c90   Section        0  system_stm32f10x.o(i.SystemInit)
    i.USART3_IRQHandler                      0x08001cf0   Section        0  dri_usart3.o(i.USART3_IRQHandler)
    i.__0vsprintf                            0x08001d84   Section        0  printfa.o(i.__0vsprintf)
    i.__ARM_fpclassify                       0x08001da8   Section        0  fpclassify.o(i.__ARM_fpclassify)
    i.__kernel_poly                          0x08001dd0   Section        0  poly.o(i.__kernel_poly)
    i.__mathlib_dbl_infnan                   0x08001e7a   Section        0  dunder.o(i.__mathlib_dbl_infnan)
    i.__mathlib_dbl_infnan2                  0x08001e80   Section        0  dunder.o(i.__mathlib_dbl_infnan2)
    i.__mathlib_dbl_underflow                0x08001e84   Section        0  dunder.o(i.__mathlib_dbl_underflow)
    i.__scatterload_copy                     0x08001e94   Section       14  handlers.o(i.__scatterload_copy)
    i.__scatterload_null                     0x08001ea2   Section        2  handlers.o(i.__scatterload_null)
    i.__scatterload_zeroinit                 0x08001ea4   Section       14  handlers.o(i.__scatterload_zeroinit)
    i._fp_digits                             0x08001eb4   Section        0  printfa.o(i._fp_digits)
    _fp_digits                               0x08001eb5   Thumb Code   366  printfa.o(i._fp_digits)
    i._printf_core                           0x08002038   Section        0  printfa.o(i._printf_core)
    _printf_core                             0x08002039   Thumb Code  1744  printfa.o(i._printf_core)
    i._printf_post_padding                   0x08002714   Section        0  printfa.o(i._printf_post_padding)
    _printf_post_padding                     0x08002715   Thumb Code    36  printfa.o(i._printf_post_padding)
    i._printf_pre_padding                    0x08002738   Section        0  printfa.o(i._printf_pre_padding)
    _printf_pre_padding                      0x08002739   Thumb Code    46  printfa.o(i._printf_pre_padding)
    i._sputc                                 0x08002766   Section        0  printfa.o(i._sputc)
    _sputc                                   0x08002767   Thumb Code    10  printfa.o(i._sputc)
    i.atan                                   0x08002770   Section        0  atan.o(i.atan)
    i.atan2                                  0x08002990   Section        0  atan2.o(i.atan2)
    i.for_delay_ms                           0x08002b10   Section        0  main.o(i.for_delay_ms)
    i.main                                   0x08002b2c   Section        0  main.o(i.main)
    i.prvAddCurrentTaskToDelayedList         0x08002b44   Section        0  tasks.o(i.prvAddCurrentTaskToDelayedList)
    prvAddCurrentTaskToDelayedList           0x08002b45   Thumb Code   174  tasks.o(i.prvAddCurrentTaskToDelayedList)
    i.prvAddNewTaskToReadyList               0x08002c10   Section        0  tasks.o(i.prvAddNewTaskToReadyList)
    prvAddNewTaskToReadyList                 0x08002c11   Thumb Code   212  tasks.o(i.prvAddNewTaskToReadyList)
    i.prvCheckTasksWaitingTermination        0x08002d00   Section        0  tasks.o(i.prvCheckTasksWaitingTermination)
    prvCheckTasksWaitingTermination          0x08002d01   Thumb Code    60  tasks.o(i.prvCheckTasksWaitingTermination)
    i.prvCreateIdleTasks                     0x08002d48   Section        0  tasks.o(i.prvCreateIdleTasks)
    prvCreateIdleTasks                       0x08002d49   Thumb Code    86  tasks.o(i.prvCreateIdleTasks)
    i.prvCreateTask                          0x08002db0   Section        0  tasks.o(i.prvCreateTask)
    prvCreateTask                            0x08002db1   Thumb Code    90  tasks.o(i.prvCreateTask)
    i.prvDeleteTCB                           0x08002e0a   Section        0  tasks.o(i.prvDeleteTCB)
    prvDeleteTCB                             0x08002e0b   Thumb Code    18  tasks.o(i.prvDeleteTCB)
    i.prvHeapInit                            0x08002e1c   Section        0  heap_4.o(i.prvHeapInit)
    prvHeapInit                              0x08002e1d   Thumb Code    88  heap_4.o(i.prvHeapInit)
    i.prvIdleTask                            0x08002e88   Section        0  tasks.o(i.prvIdleTask)
    prvIdleTask                              0x08002e89   Thumb Code    32  tasks.o(i.prvIdleTask)
    i.prvInitialiseNewTask                   0x08002eb0   Section        0  tasks.o(i.prvInitialiseNewTask)
    prvInitialiseNewTask                     0x08002eb1   Thumb Code   122  tasks.o(i.prvInitialiseNewTask)
    i.prvInitialiseTaskLists                 0x08002f2c   Section        0  tasks.o(i.prvInitialiseTaskLists)
    prvInitialiseTaskLists                   0x08002f2d   Thumb Code    70  tasks.o(i.prvInitialiseTaskLists)
    i.prvInsertBlockIntoFreeList             0x08002f94   Section        0  heap_4.o(i.prvInsertBlockIntoFreeList)
    prvInsertBlockIntoFreeList               0x08002f95   Thumb Code    96  heap_4.o(i.prvInsertBlockIntoFreeList)
    i.prvResetNextTaskUnblockTime            0x08002ffc   Section        0  tasks.o(i.prvResetNextTaskUnblockTime)
    prvResetNextTaskUnblockTime              0x08002ffd   Thumb Code    40  tasks.o(i.prvResetNextTaskUnblockTime)
    i.prvTaskExitError                       0x0800302c   Section        0  port.o(i.prvTaskExitError)
    prvTaskExitError                         0x0800302d   Thumb Code    22  port.o(i.prvTaskExitError)
    i.pvPortMalloc                           0x08003044   Section        0  heap_4.o(i.pvPortMalloc)
    i.pxPortInitialiseStack                  0x08003144   Section        0  port.o(i.pxPortInitialiseStack)
    i.ulTaskGenericNotifyTake                0x08003168   Section        0  tasks.o(i.ulTaskGenericNotifyTake)
    i.uxListRemove                           0x08003214   Section        0  list.o(i.uxListRemove)
    i.vListInitialise                        0x0800323c   Section        0  list.o(i.vListInitialise)
    i.vListInitialiseItem                    0x08003256   Section        0  list.o(i.vListInitialiseItem)
    i.vListInsert                            0x0800325c   Section        0  list.o(i.vListInsert)
    i.vListInsertEnd                         0x08003290   Section        0  list.o(i.vListInsertEnd)
    i.vPortEnterCritical                     0x080032a8   Section        0  port.o(i.vPortEnterCritical)
    i.vPortExitCritical                      0x080032cc   Section        0  port.o(i.vPortExitCritical)
    i.vPortFree                              0x080032ec   Section        0  heap_4.o(i.vPortFree)
    i.vPortSetupTimerInterrupt               0x08003338   Section        0  port.o(i.vPortSetupTimerInterrupt)
    i.vTaskDelete                            0x08003350   Section        0  tasks.o(i.vTaskDelete)
    i.vTaskStartScheduler                    0x0800343c   Section        0  tasks.o(i.vTaskStartScheduler)
    i.vTaskSuspendAll                        0x08003488   Section        0  tasks.o(i.vTaskSuspendAll)
    i.vTaskSwitchContext                     0x08003498   Section        0  tasks.o(i.vTaskSwitchContext)
    i.xPortStartScheduler                    0x08003500   Section        0  port.o(i.xPortStartScheduler)
    i.xPortSysTickHandler                    0x08003534   Section        0  port.o(i.xPortSysTickHandler)
    i.xTaskCreate                            0x08003568   Section        0  tasks.o(i.xTaskCreate)
    i.xTaskDelayUntil                        0x080035a0   Section        0  tasks.o(i.xTaskDelayUntil)
    i.xTaskGenericNotify                     0x08003614   Section        0  tasks.o(i.xTaskGenericNotify)
    i.xTaskGetSchedulerState                 0x08003770   Section        0  tasks.o(i.xTaskGetSchedulerState)
    i.xTaskGetTickCount                      0x08003790   Section        0  tasks.o(i.xTaskGetTickCount)
    i.xTaskIncrementTick                     0x0800379c   Section        0  tasks.o(i.xTaskIncrementTick)
    i.xTaskResumeAll                         0x0800393c   Section        0  tasks.o(i.xTaskResumeAll)
    .constdata                               0x08003ab8   Section      152  atan.o(.constdata)
    atanhi                                   0x08003ab8   Data          32  atan.o(.constdata)
    atanlo                                   0x08003ad8   Data          32  atan.o(.constdata)
    aTodd                                    0x08003af8   Data          40  atan.o(.constdata)
    aTeven                                   0x08003b20   Data          48  atan.o(.constdata)
    .constdata                               0x08003b50   Section        8  qnan.o(.constdata)
    .data                                    0x20000000   Section        3  dri_usart3.o(.data)
    RxState                                  0x20000001   Data           1  dri_usart3.o(.data)
    pRxPacket                                0x20000002   Data           1  dri_usart3.o(.data)
    .data                                    0x20000004   Section       84  com_filter.o(.data)
    .data                                    0x20000058   Section        8  com_pid.o(.data)
    least_velocity                           0x20000058   Data           4  com_pid.o(.data)
    last_velocity                            0x2000005c   Data           4  com_pid.o(.data)
    .data                                    0x20000060   Section       92  app_car.o(.data)
    .data                                    0x200000bc   Section       16  app_task.o(.data)
    .data                                    0x200000cc   Section       64  tasks.o(.data)
    pxDelayedTaskList                        0x200000d0   Data           4  tasks.o(.data)
    pxOverflowDelayedTaskList                0x200000d4   Data           4  tasks.o(.data)
    uxDeletedTasksWaitingCleanUp             0x200000d8   Data           4  tasks.o(.data)
    uxCurrentNumberOfTasks                   0x200000dc   Data           4  tasks.o(.data)
    xTickCount                               0x200000e0   Data           4  tasks.o(.data)
    uxTopReadyPriority                       0x200000e4   Data           4  tasks.o(.data)
    xSchedulerRunning                        0x200000e8   Data           4  tasks.o(.data)
    xPendedTicks                             0x200000ec   Data           4  tasks.o(.data)
    xYieldPendings                           0x200000f0   Data           4  tasks.o(.data)
    xNumOfOverflows                          0x200000f4   Data           4  tasks.o(.data)
    uxTaskNumber                             0x200000f8   Data           4  tasks.o(.data)
    xNextTaskUnblockTime                     0x200000fc   Data           4  tasks.o(.data)
    xIdleTaskHandles                         0x20000100   Data           4  tasks.o(.data)
    uxTopUsedPriority                        0x20000104   Data           4  tasks.o(.data)
    uxSchedulerSuspended                     0x20000108   Data           4  tasks.o(.data)
    .data                                    0x2000010c   Section       28  heap_4.o(.data)
    xStart                                   0x2000010c   Data           8  heap_4.o(.data)
    pxEnd                                    0x20000114   Data           4  heap_4.o(.data)
    xFreeBytesRemaining                      0x20000118   Data           4  heap_4.o(.data)
    xMinimumEverFreeBytesRemaining           0x2000011c   Data           4  heap_4.o(.data)
    xNumberOfSuccessfulAllocations           0x20000120   Data           4  heap_4.o(.data)
    xNumberOfSuccessfulFrees                 0x20000124   Data           4  heap_4.o(.data)
    .data                                    0x20000128   Section        4  port.o(.data)
    uxCriticalNesting                        0x20000128   Data           4  port.o(.data)
    .bss                                     0x2000012c   Section      100  dri_usart3.o(.bss)
    .bss                                     0x20000190   Section       16  com_filter.o(.bss)
    .bss                                     0x200001a0   Section      200  tasks.o(.bss)
    pxReadyTasksLists                        0x200001a0   Data         100  tasks.o(.bss)
    xDelayedTaskList1                        0x20000204   Data          20  tasks.o(.bss)
    xDelayedTaskList2                        0x20000218   Data          20  tasks.o(.bss)
    xPendingReadyList                        0x2000022c   Data          20  tasks.o(.bss)
    xTasksWaitingTermination                 0x20000240   Data          20  tasks.o(.bss)
    xSuspendedTaskList                       0x20000254   Data          20  tasks.o(.bss)
    .bss                                     0x20000268   Section    15360  heap_4.o(.bss)
    ucHeap                                   0x20000268   Data       15360  heap_4.o(.bss)
    STACK                                    0x20003e68   Section     1024  startup_stm32f10x_md.o(STACK)

    Global Symbols

    Symbol Name                              Value     Ov Type        Size  Object(Section)

    BuildAttributes$$THM_ISAv4$P$D$K$B$S$PE$A:L22UL41UL21$X:L11$S22US41US21$IEEE1$IW$USESV6$~STKCKD$USESV7$~SHL$OTIME$ROPI$IEEEX$EBA8$MICROLIB$REQ8$PRES8$EABIv2 0x00000000   Number         0  anon$$obj.o ABSOLUTE
    __ARM_use_no_argv                        0x00000000   Number         0  main.o ABSOLUTE
    __cpp_initialize__aeabi_                  - Undefined Weak Reference
    __cxa_finalize                            - Undefined Weak Reference
    _clock_init                               - Undefined Weak Reference
    _microlib_exit                            - Undefined Weak Reference
    __Vectors_Size                           0x000000ec   Number         0  startup_stm32f10x_md.o ABSOLUTE
    __Vectors                                0x08000000   Data           4  startup_stm32f10x_md.o(RESET)
    __Vectors_End                            0x080000ec   Data           0  startup_stm32f10x_md.o(RESET)
    __main                                   0x080000ed   Thumb Code     0  entry.o(.ARM.Collect$$$$00000000)
    _main_stk                                0x080000ed   Thumb Code     0  entry2.o(.ARM.Collect$$$$00000001)
    _main_scatterload                        0x080000f1   Thumb Code     0  entry5.o(.ARM.Collect$$$$00000004)
    __main_after_scatterload                 0x080000f5   Thumb Code     0  entry5.o(.ARM.Collect$$$$00000004)
    _main_clock                              0x080000f5   Thumb Code     0  entry7b.o(.ARM.Collect$$$$00000008)
    _main_cpp_init                           0x080000f5   Thumb Code     0  entry8b.o(.ARM.Collect$$$$0000000A)
    _main_init                               0x080000f5   Thumb Code     0  entry9a.o(.ARM.Collect$$$$0000000B)
    __rt_final_cpp                           0x080000fd   Thumb Code     0  entry10a.o(.ARM.Collect$$$$0000000D)
    __rt_final_exit                          0x080000fd   Thumb Code     0  entry11a.o(.ARM.Collect$$$$0000000F)
    SVC_Handler                              0x08000101   Thumb Code    32  port.o(.emb_text)
    __asm___6_port_c_39a90d8d__prvStartFirstTask 0x08000125   Thumb Code    28  port.o(.emb_text)
    PendSV_Handler                           0x08000145   Thumb Code    72  port.o(.emb_text)
    vPortGetIPSR                             0x08000191   Thumb Code     6  port.o(.emb_text)
    Reset_Handler                            0x08000199   Thumb Code     8  startup_stm32f10x_md.o(.text)
    NMI_Handler                              0x080001a1   Thumb Code     2  startup_stm32f10x_md.o(.text)
    HardFault_Handler                        0x080001a3   Thumb Code     2  startup_stm32f10x_md.o(.text)
    MemManage_Handler                        0x080001a5   Thumb Code     2  startup_stm32f10x_md.o(.text)
    BusFault_Handler                         0x080001a7   Thumb Code     2  startup_stm32f10x_md.o(.text)
    UsageFault_Handler                       0x080001a9   Thumb Code     2  startup_stm32f10x_md.o(.text)
    DebugMon_Handler                         0x080001ad   Thumb Code     2  startup_stm32f10x_md.o(.text)
    ADC1_2_IRQHandler                        0x080001b3   Thumb Code     0  startup_stm32f10x_md.o(.text)
    CAN1_RX1_IRQHandler                      0x080001b3   Thumb Code     0  startup_stm32f10x_md.o(.text)
    CAN1_SCE_IRQHandler                      0x080001b3   Thumb Code     0  startup_stm32f10x_md.o(.text)
    DMA1_Channel1_IRQHandler                 0x080001b3   Thumb Code     0  startup_stm32f10x_md.o(.text)
    DMA1_Channel2_IRQHandler                 0x080001b3   Thumb Code     0  startup_stm32f10x_md.o(.text)
    DMA1_Channel3_IRQHandler                 0x080001b3   Thumb Code     0  startup_stm32f10x_md.o(.text)
    DMA1_Channel4_IRQHandler                 0x080001b3   Thumb Code     0  startup_stm32f10x_md.o(.text)
    DMA1_Channel5_IRQHandler                 0x080001b3   Thumb Code     0  startup_stm32f10x_md.o(.text)
    DMA1_Channel6_IRQHandler                 0x080001b3   Thumb Code     0  startup_stm32f10x_md.o(.text)
    DMA1_Channel7_IRQHandler                 0x080001b3   Thumb Code     0  startup_stm32f10x_md.o(.text)
    EXTI0_IRQHandler                         0x080001b3   Thumb Code     0  startup_stm32f10x_md.o(.text)
    EXTI15_10_IRQHandler                     0x080001b3   Thumb Code     0  startup_stm32f10x_md.o(.text)
    EXTI1_IRQHandler                         0x080001b3   Thumb Code     0  startup_stm32f10x_md.o(.text)
    EXTI2_IRQHandler                         0x080001b3   Thumb Code     0  startup_stm32f10x_md.o(.text)
    EXTI3_IRQHandler                         0x080001b3   Thumb Code     0  startup_stm32f10x_md.o(.text)
    EXTI4_IRQHandler                         0x080001b3   Thumb Code     0  startup_stm32f10x_md.o(.text)
    EXTI9_5_IRQHandler                       0x080001b3   Thumb Code     0  startup_stm32f10x_md.o(.text)
    FLASH_IRQHandler                         0x080001b3   Thumb Code     0  startup_stm32f10x_md.o(.text)
    I2C1_ER_IRQHandler                       0x080001b3   Thumb Code     0  startup_stm32f10x_md.o(.text)
    I2C1_EV_IRQHandler                       0x080001b3   Thumb Code     0  startup_stm32f10x_md.o(.text)
    I2C2_ER_IRQHandler                       0x080001b3   Thumb Code     0  startup_stm32f10x_md.o(.text)
    I2C2_EV_IRQHandler                       0x080001b3   Thumb Code     0  startup_stm32f10x_md.o(.text)
    PVD_IRQHandler                           0x080001b3   Thumb Code     0  startup_stm32f10x_md.o(.text)
    RCC_IRQHandler                           0x080001b3   Thumb Code     0  startup_stm32f10x_md.o(.text)
    RTCAlarm_IRQHandler                      0x080001b3   Thumb Code     0  startup_stm32f10x_md.o(.text)
    RTC_IRQHandler                           0x080001b3   Thumb Code     0  startup_stm32f10x_md.o(.text)
    SPI1_IRQHandler                          0x080001b3   Thumb Code     0  startup_stm32f10x_md.o(.text)
    SPI2_IRQHandler                          0x080001b3   Thumb Code     0  startup_stm32f10x_md.o(.text)
    TAMPER_IRQHandler                        0x080001b3   Thumb Code     0  startup_stm32f10x_md.o(.text)
    TIM1_BRK_IRQHandler                      0x080001b3   Thumb Code     0  startup_stm32f10x_md.o(.text)
    TIM1_CC_IRQHandler                       0x080001b3   Thumb Code     0  startup_stm32f10x_md.o(.text)
    TIM1_TRG_COM_IRQHandler                  0x080001b3   Thumb Code     0  startup_stm32f10x_md.o(.text)
    TIM1_UP_IRQHandler                       0x080001b3   Thumb Code     0  startup_stm32f10x_md.o(.text)
    TIM2_IRQHandler                          0x080001b3   Thumb Code     0  startup_stm32f10x_md.o(.text)
    TIM3_IRQHandler                          0x080001b3   Thumb Code     0  startup_stm32f10x_md.o(.text)
    TIM4_IRQHandler                          0x080001b3   Thumb Code     0  startup_stm32f10x_md.o(.text)
    USART1_IRQHandler                        0x080001b3   Thumb Code     0  startup_stm32f10x_md.o(.text)
    USART2_IRQHandler                        0x080001b3   Thumb Code     0  startup_stm32f10x_md.o(.text)
    USBWakeUp_IRQHandler                     0x080001b3   Thumb Code     0  startup_stm32f10x_md.o(.text)
    USB_HP_CAN1_TX_IRQHandler                0x080001b3   Thumb Code     0  startup_stm32f10x_md.o(.text)
    USB_LP_CAN1_RX0_IRQHandler               0x080001b3   Thumb Code     0  startup_stm32f10x_md.o(.text)
    WWDG_IRQHandler                          0x080001b3   Thumb Code     0  startup_stm32f10x_md.o(.text)
    __aeabi_memset                           0x080001bd   Thumb Code    14  memseta.o(.text)
    __aeabi_memset4                          0x080001bd   Thumb Code     0  memseta.o(.text)
    __aeabi_memset8                          0x080001bd   Thumb Code     0  memseta.o(.text)
    __aeabi_memclr                           0x080001cb   Thumb Code     4  memseta.o(.text)
    __aeabi_memclr4                          0x080001cb   Thumb Code     0  memseta.o(.text)
    __aeabi_memclr8                          0x080001cb   Thumb Code     0  memseta.o(.text)
    _memset$wrapper                          0x080001cf   Thumb Code    18  memseta.o(.text)
    __aeabi_fadd                             0x080001e1   Thumb Code   164  fadd.o(.text)
    __aeabi_fsub                             0x08000285   Thumb Code     6  fadd.o(.text)
    __aeabi_frsub                            0x0800028b   Thumb Code     6  fadd.o(.text)
    __aeabi_fmul                             0x08000291   Thumb Code   100  fmul.o(.text)
    __aeabi_fdiv                             0x080002f5   Thumb Code   124  fdiv.o(.text)
    __aeabi_dadd                             0x08000371   Thumb Code   322  dadd.o(.text)
    __aeabi_dsub                             0x080004b3   Thumb Code     6  dadd.o(.text)
    __aeabi_drsub                            0x080004b9   Thumb Code     6  dadd.o(.text)
    __aeabi_dmul                             0x080004bf   Thumb Code   228  dmul.o(.text)
    __aeabi_ddiv                             0x080005a3   Thumb Code   222  ddiv.o(.text)
    __aeabi_i2f                              0x08000681   Thumb Code    18  fflti.o(.text)
    __aeabi_ui2f                             0x08000693   Thumb Code    10  ffltui.o(.text)
    __aeabi_i2d                              0x0800069d   Thumb Code    34  dflti.o(.text)
    __aeabi_f2iz                             0x080006bf   Thumb Code    50  ffixi.o(.text)
    __aeabi_d2iz                             0x080006f1   Thumb Code    62  dfixi.o(.text)
    __aeabi_f2d                              0x0800072f   Thumb Code    38  f2d.o(.text)
    __aeabi_d2f                              0x08000755   Thumb Code    56  d2f.o(.text)
    __aeabi_uidiv                            0x0800078d   Thumb Code     0  uidiv.o(.text)
    __aeabi_uidivmod                         0x0800078d   Thumb Code    44  uidiv.o(.text)
    __aeabi_uldivmod                         0x080007b9   Thumb Code    98  uldiv.o(.text)
    __aeabi_llsl                             0x0800081b   Thumb Code    30  llshl.o(.text)
    _ll_shift_l                              0x0800081b   Thumb Code     0  llshl.o(.text)
    __aeabi_llsr                             0x08000839   Thumb Code    32  llushr.o(.text)
    _ll_ushift_r                             0x08000839   Thumb Code     0  llushr.o(.text)
    __aeabi_lasr                             0x08000859   Thumb Code    36  llsshr.o(.text)
    _ll_sshift_r                             0x08000859   Thumb Code     0  llsshr.o(.text)
    __I$use$fp                               0x0800087d   Thumb Code     0  iusefp.o(.text)
    _float_round                             0x0800087d   Thumb Code    18  fepilogue.o(.text)
    _float_epilogue                          0x0800088f   Thumb Code    92  fepilogue.o(.text)
    _double_round                            0x080008eb   Thumb Code    30  depilogue.o(.text)
    _double_epilogue                         0x08000909   Thumb Code   156  depilogue.o(.text)
    __aeabi_d2ulz                            0x080009a5   Thumb Code    48  dfixul.o(.text)
    __aeabi_cdrcmple                         0x080009d5   Thumb Code    48  cdrcmple.o(.text)
    __scatterload                            0x08000a05   Thumb Code    28  init.o(.text)
    __scatterload_rt2                        0x08000a05   Thumb Code     0  init.o(.text)
    __ARM_scalbn                             0x08000a29   Thumb Code    46  dscalb.o(.text)
    scalbn                                   0x08000a29   Thumb Code     0  dscalb.o(.text)
    __decompress                             0x08000a57   Thumb Code     0  __dczerorl.o(.text)
    __decompress0                            0x08000a57   Thumb Code    58  __dczerorl.o(.text)
    App_Car_GetAngle                         0x08000a91   Thumb Code   274  app_car.o(i.App_Car_GetAngle)
    App_Car_PID                              0x08000c4d   Thumb Code   236  app_car.o(i.App_Car_PID)
    App_Task_GetData                         0x08000d81   Thumb Code    46  app_task.o(i.App_Task_GetData)
    App_Task_Init                            0x08000db5   Thumb Code    28  app_task.o(i.App_Task_Init)
    App_Task_PID                             0x08000de9   Thumb Code    20  app_task.o(i.App_Task_PID)
    App_Task_Start                           0x08000dfd   Thumb Code    60  app_task.o(i.App_Task_Start)
    Com_Filter_Kalman                        0x08000e6d   Thumb Code   558  com_filter.o(i.Com_Filter_Kalman)
    Com_PID_Balance                          0x080010e5   Thumb Code    72  com_pid.o(i.Com_PID_Balance)
    Com_PID_Turn                             0x0800112d   Thumb Code    32  com_pid.o(i.Com_PID_Turn)
    Com_PID_Velocity                         0x0800114d   Thumb Code   192  com_pid.o(i.Com_PID_Velocity)
    Dri_TIM2_Init                            0x08001225   Thumb Code   178  dri_tim.o(i.Dri_TIM2_Init)
    Dri_TIM3_Init                            0x080012e5   Thumb Code   224  dri_tim.o(i.Dri_TIM3_Init)
    Dri_TIM4_Init                            0x080013d1   Thumb Code   224  dri_tim.o(i.Dri_TIM4_Init)
    Driver_I2C1_Ack                          0x080014bd   Thumb Code    14  dri_i2c.o(i.Driver_I2C1_Ack)
    Driver_I2C1_Init                         0x080014d1   Thumb Code   132  dri_i2c.o(i.Driver_I2C1_Init)
    Driver_I2C1_NAck                         0x08001565   Thumb Code    14  dri_i2c.o(i.Driver_I2C1_NAck)
    Driver_I2C1_Start                        0x08001579   Thumb Code    48  dri_i2c.o(i.Driver_I2C1_Start)
    Driver_I2C1_Stop                         0x080015ad   Thumb Code    14  dri_i2c.o(i.Driver_I2C1_Stop)
    Driver_I2C_ReadByte                      0x080015c1   Thumb Code    40  dri_i2c.o(i.Driver_I2C_ReadByte)
    Driver_I2C_SendAddr                      0x080015ed   Thumb Code    50  dri_i2c.o(i.Driver_I2C_SendAddr)
    Driver_I2C_SendByte                      0x08001625   Thumb Code    66  dri_i2c.o(i.Driver_I2C_SendByte)
    Driver_USART3_Init                       0x0800166d   Thumb Code   262  dri_usart3.o(i.Driver_USART3_Init)
    Int_Encoder_Init                         0x0800178d   Thumb Code    12  int_encoder.o(i.Int_Encoder_Init)
    Int_Encoder_ReadCounter                  0x08001799   Thumb Code    48  int_encoder.o(i.Int_Encoder_ReadCounter)
    Int_MPU6050_Get_Accel                    0x080017d1   Thumb Code    68  int_mpu6050.o(i.Int_MPU6050_Get_Accel)
    Int_MPU6050_Get_Gyro                     0x08001815   Thumb Code    68  int_mpu6050.o(i.Int_MPU6050_Get_Gyro)
    Int_MPU6050_Init                         0x08001859   Thumb Code   114  int_mpu6050.o(i.Int_MPU6050_Init)
    Int_MPU6050_ReadByte                     0x080018cb   Thumb Code    50  int_mpu6050.o(i.Int_MPU6050_ReadByte)
    Int_MPU6050_ReadBytes                    0x080018fd   Thumb Code    80  int_mpu6050.o(i.Int_MPU6050_ReadBytes)
    Int_MPU6050_SetGyroRate                  0x0800194d   Thumb Code    52  int_mpu6050.o(i.Int_MPU6050_SetGyroRate)
    Int_MPU6050_Set_DLPF_CFG                 0x08001981   Thumb Code    68  int_mpu6050.o(i.Int_MPU6050_Set_DLPF_CFG)
    Int_MPU6050_WriteByte                    0x080019c5   Thumb Code    36  int_mpu6050.o(i.Int_MPU6050_WriteByte)
    Int_TB6612_Init                          0x080019e9   Thumb Code    44  int_tb6612.o(i.Int_TB6612_Init)
    Int_TB6612_MotorA                        0x08001a25   Thumb Code    82  int_tb6612.o(i.Int_TB6612_MotorA)
    Int_TB6612_MotorB                        0x08001a7d   Thumb Code    82  int_tb6612.o(i.Int_TB6612_MotorB)
    Int_TB6612_SetPWM                        0x08001ad5   Thumb Code    98  int_tb6612.o(i.Int_TB6612_SetPWM)
    Serial_Printf                            0x08001b3d   Thumb Code    36  dri_usart3.o(i.Serial_Printf)
    Serial_SendByte                          0x08001b61   Thumb Code    22  dri_usart3.o(i.Serial_SendByte)
    Serial_SendString                        0x08001b7d   Thumb Code    26  dri_usart3.o(i.Serial_SendString)
    SysTick_Handler                          0x08001c81   Thumb Code    16  main.o(i.SysTick_Handler)
    SystemInit                               0x08001c91   Thumb Code    78  system_stm32f10x.o(i.SystemInit)
    USART3_IRQHandler                        0x08001cf1   Thumb Code   126  dri_usart3.o(i.USART3_IRQHandler)
    __0vsprintf                              0x08001d85   Thumb Code    30  printfa.o(i.__0vsprintf)
    __1vsprintf                              0x08001d85   Thumb Code     0  printfa.o(i.__0vsprintf)
    __2vsprintf                              0x08001d85   Thumb Code     0  printfa.o(i.__0vsprintf)
    __c89vsprintf                            0x08001d85   Thumb Code     0  printfa.o(i.__0vsprintf)
    vsprintf                                 0x08001d85   Thumb Code     0  printfa.o(i.__0vsprintf)
    __ARM_fpclassify                         0x08001da9   Thumb Code    40  fpclassify.o(i.__ARM_fpclassify)
    __kernel_poly                            0x08001dd1   Thumb Code   170  poly.o(i.__kernel_poly)
    __mathlib_dbl_infnan                     0x08001e7b   Thumb Code     6  dunder.o(i.__mathlib_dbl_infnan)
    __mathlib_dbl_infnan2                    0x08001e81   Thumb Code     4  dunder.o(i.__mathlib_dbl_infnan2)
    __mathlib_dbl_underflow                  0x08001e85   Thumb Code    10  dunder.o(i.__mathlib_dbl_underflow)
    __scatterload_copy                       0x08001e95   Thumb Code    14  handlers.o(i.__scatterload_copy)
    __scatterload_null                       0x08001ea3   Thumb Code     2  handlers.o(i.__scatterload_null)
    __scatterload_zeroinit                   0x08001ea5   Thumb Code    14  handlers.o(i.__scatterload_zeroinit)
    atan                                     0x08002771   Thumb Code   474  atan.o(i.atan)
    atan2                                    0x08002991   Thumb Code   346  atan2.o(i.atan2)
    for_delay_ms                             0x08002b11   Thumb Code    24  main.o(i.for_delay_ms)
    main                                     0x08002b2d   Thumb Code    24  main.o(i.main)
    pvPortMalloc                             0x08003045   Thumb Code   234  heap_4.o(i.pvPortMalloc)
    pxPortInitialiseStack                    0x08003145   Thumb Code    30  port.o(i.pxPortInitialiseStack)
    ulTaskGenericNotifyTake                  0x08003169   Thumb Code   164  tasks.o(i.ulTaskGenericNotifyTake)
    uxListRemove                             0x08003215   Thumb Code    40  list.o(i.uxListRemove)
    vListInitialise                          0x0800323d   Thumb Code    26  list.o(i.vListInitialise)
    vListInitialiseItem                      0x08003257   Thumb Code     6  list.o(i.vListInitialiseItem)
    vListInsert                              0x0800325d   Thumb Code    52  list.o(i.vListInsert)
    vListInsertEnd                           0x08003291   Thumb Code    24  list.o(i.vListInsertEnd)
    vPortEnterCritical                       0x080032a9   Thumb Code    30  port.o(i.vPortEnterCritical)
    vPortExitCritical                        0x080032cd   Thumb Code    28  port.o(i.vPortExitCritical)
    vPortFree                                0x080032ed   Thumb Code    68  heap_4.o(i.vPortFree)
    vPortSetupTimerInterrupt                 0x08003339   Thumb Code    20  port.o(i.vPortSetupTimerInterrupt)
    vTaskDelete                              0x08003351   Thumb Code   198  tasks.o(i.vTaskDelete)
    vTaskStartScheduler                      0x0800343d   Thumb Code    60  tasks.o(i.vTaskStartScheduler)
    vTaskSuspendAll                          0x08003489   Thumb Code    12  tasks.o(i.vTaskSuspendAll)
    vTaskSwitchContext                       0x08003499   Thumb Code    84  tasks.o(i.vTaskSwitchContext)
    xPortStartScheduler                      0x08003501   Thumb Code    42  port.o(i.xPortStartScheduler)
    xPortSysTickHandler                      0x08003535   Thumb Code    46  port.o(i.xPortSysTickHandler)
    xTaskCreate                              0x08003569   Thumb Code    56  tasks.o(i.xTaskCreate)
    xTaskDelayUntil                          0x080035a1   Thumb Code   108  tasks.o(i.xTaskDelayUntil)
    xTaskGenericNotify                       0x08003615   Thumb Code   330  tasks.o(i.xTaskGenericNotify)
    xTaskGetSchedulerState                   0x08003771   Thumb Code    24  tasks.o(i.xTaskGetSchedulerState)
    xTaskGetTickCount                        0x08003791   Thumb Code     6  tasks.o(i.xTaskGetTickCount)
    xTaskIncrementTick                       0x0800379d   Thumb Code   372  tasks.o(i.xTaskIncrementTick)
    xTaskResumeAll                           0x0800393d   Thumb Code   344  tasks.o(i.xTaskResumeAll)
    __mathlib_zero                           0x08003b50   Data           8  qnan.o(.constdata)
    Region$$Table$$Base                      0x08003b58   Number         0  anon$$obj.o(Region$$Table)
    Region$$Table$$Limit                     0x08003b78   Number         0  anon$$obj.o(Region$$Table)
    Serial_RxFlag                            0x20000000   Data           1  dri_usart3.o(.data)
    K1                                       0x20000004   Data           4  com_filter.o(.data)
    angle                                    0x20000008   Data           4  com_filter.o(.data)
    angle_dot                                0x2000000c   Data           4  com_filter.o(.data)
    Q_angle                                  0x20000010   Data           4  com_filter.o(.data)
    Q_gyro                                   0x20000014   Data           4  com_filter.o(.data)
    R_angle                                  0x20000018   Data           4  com_filter.o(.data)
    dt                                       0x2000001c   Data           4  com_filter.o(.data)
    C_0                                      0x20000020   Data           1  com_filter.o(.data)
    Q_bias                                   0x20000024   Data           4  com_filter.o(.data)
    Angle_err                                0x20000028   Data           4  com_filter.o(.data)
    PCt_0                                    0x2000002c   Data           4  com_filter.o(.data)
    PCt_1                                    0x20000030   Data           4  com_filter.o(.data)
    E                                        0x20000034   Data           4  com_filter.o(.data)
    K_0                                      0x20000038   Data           4  com_filter.o(.data)
    K_1                                      0x2000003c   Data           4  com_filter.o(.data)
    t_0                                      0x20000040   Data           4  com_filter.o(.data)
    t_1                                      0x20000044   Data           4  com_filter.o(.data)
    PP                                       0x20000048   Data          16  com_filter.o(.data)
    gx                                       0x20000060   Data           2  app_car.o(.data)
    gy                                       0x20000062   Data           2  app_car.o(.data)
    gz                                       0x20000064   Data           2  app_car.o(.data)
    ax                                       0x20000066   Data           2  app_car.o(.data)
    ay                                       0x20000068   Data           2  app_car.o(.data)
    az                                       0x2000006a   Data           2  app_car.o(.data)
    accel_angle                              0x2000006c   Data           4  app_car.o(.data)
    gyro_x                                   0x20000070   Data           4  app_car.o(.data)
    ea                                       0x20000074   Data           4  app_car.o(.data)
    eb                                       0x20000078   Data           4  app_car.o(.data)
    bat_str                                  0x2000007c   Data           5  app_car.o(.data)
    ea_str                                   0x20000081   Data           7  app_car.o(.data)
    eb_str                                   0x20000088   Data           7  app_car.o(.data)
    angle_str                                0x2000008f   Data           7  app_car.o(.data)
    balance_kp                               0x20000098   Data           4  app_car.o(.data)
    balance_kd                               0x2000009c   Data           4  app_car.o(.data)
    balance_angle                            0x200000a0   Data           4  app_car.o(.data)
    velocity_kp                              0x200000a4   Data           4  app_car.o(.data)
    velocity_ki                              0x200000a8   Data           4  app_car.o(.data)
    turn_kp                                  0x200000ac   Data           4  app_car.o(.data)
    flag_up                                  0x200000b0   Data           1  app_car.o(.data)
    flag_down                                0x200000b1   Data           1  app_car.o(.data)
    flag_left                                0x200000b2   Data           1  app_car.o(.data)
    flag_right                               0x200000b3   Data           1  app_car.o(.data)
    remote_move                              0x200000b4   Data           4  app_car.o(.data)
    remote_turn                              0x200000b8   Data           4  app_car.o(.data)
    start_task_handle                        0x200000bc   Data           4  app_task.o(.data)
    data_task_handle                         0x200000c0   Data           4  app_task.o(.data)
    pid_task_handle                          0x200000c4   Data           4  app_task.o(.data)
    display_task_handle                      0x200000c8   Data           4  app_task.o(.data)
    pxCurrentTCB                             0x200000cc   Data           4  tasks.o(.data)
    Serial_RxPacket                          0x2000012c   Data         100  dri_usart3.o(.bss)
    Pdot                                     0x20000190   Data          16  com_filter.o(.bss)
    __initial_sp                             0x20004268   Data           0  startup_stm32f10x_md.o(STACK)



==============================================================================

Memory Map of the image

  Image Entry point : 0x080000ed

  Load Region LR_IROM1 (Base: 0x08000000, Size: 0x00003ca4, Max: 0x00010000, ABSOLUTE, COMPRESSED[0x00003ba8])

    Execution Region ER_IROM1 (Exec base: 0x08000000, Load base: 0x08000000, Size: 0x00003b78, Max: 0x00010000, ABSOLUTE)

    Exec Addr    Load Addr    Size         Type   Attr      Idx    E Section Name        Object

    0x08000000   0x08000000   0x000000ec   Data   RO           19    RESET               startup_stm32f10x_md.o
    0x080000ec   0x080000ec   0x00000000   Code   RO         1523  * .ARM.Collect$$$$00000000  mc_w.l(entry.o)
    0x080000ec   0x080000ec   0x00000004   Code   RO         1611    .ARM.Collect$$$$00000001  mc_w.l(entry2.o)
    0x080000f0   0x080000f0   0x00000004   Code   RO         1614    .ARM.Collect$$$$00000004  mc_w.l(entry5.o)
    0x080000f4   0x080000f4   0x00000000   Code   RO         1616    .ARM.Collect$$$$00000008  mc_w.l(entry7b.o)
    0x080000f4   0x080000f4   0x00000000   Code   RO         1618    .ARM.Collect$$$$0000000A  mc_w.l(entry8b.o)
    0x080000f4   0x080000f4   0x00000008   Code   RO         1619    .ARM.Collect$$$$0000000B  mc_w.l(entry9a.o)
    0x080000fc   0x080000fc   0x00000000   Code   RO         1621    .ARM.Collect$$$$0000000D  mc_w.l(entry10a.o)
    0x080000fc   0x080000fc   0x00000000   Code   RO         1623    .ARM.Collect$$$$0000000F  mc_w.l(entry11a.o)
    0x080000fc   0x080000fc   0x00000004   Code   RO         1612    .ARM.Collect$$$$00002712  mc_w.l(entry2.o)
    0x08000100   0x08000100   0x00000096   Code   RO         1444    .emb_text           port.o
    0x08000196   0x08000196   0x00000002   PAD
    0x08000198   0x08000198   0x00000024   Code   RO           20    .text               startup_stm32f10x_md.o
    0x080001bc   0x080001bc   0x00000024   Code   RO         1528    .text               mc_w.l(memseta.o)
    0x080001e0   0x080001e0   0x000000b0   Code   RO         1560    .text               mf_w.l(fadd.o)
    0x08000290   0x08000290   0x00000064   Code   RO         1562    .text               mf_w.l(fmul.o)
    0x080002f4   0x080002f4   0x0000007c   Code   RO         1564    .text               mf_w.l(fdiv.o)
    0x08000370   0x08000370   0x0000014e   Code   RO         1566    .text               mf_w.l(dadd.o)
    0x080004be   0x080004be   0x000000e4   Code   RO         1568    .text               mf_w.l(dmul.o)
    0x080005a2   0x080005a2   0x000000de   Code   RO         1570    .text               mf_w.l(ddiv.o)
    0x08000680   0x08000680   0x00000012   Code   RO         1572    .text               mf_w.l(fflti.o)
    0x08000692   0x08000692   0x0000000a   Code   RO         1574    .text               mf_w.l(ffltui.o)
    0x0800069c   0x0800069c   0x00000022   Code   RO         1576    .text               mf_w.l(dflti.o)
    0x080006be   0x080006be   0x00000032   Code   RO         1578    .text               mf_w.l(ffixi.o)
    0x080006f0   0x080006f0   0x0000003e   Code   RO         1580    .text               mf_w.l(dfixi.o)
    0x0800072e   0x0800072e   0x00000026   Code   RO         1582    .text               mf_w.l(f2d.o)
    0x08000754   0x08000754   0x00000038   Code   RO         1584    .text               mf_w.l(d2f.o)
    0x0800078c   0x0800078c   0x0000002c   Code   RO         1626    .text               mc_w.l(uidiv.o)
    0x080007b8   0x080007b8   0x00000062   Code   RO         1628    .text               mc_w.l(uldiv.o)
    0x0800081a   0x0800081a   0x0000001e   Code   RO         1630    .text               mc_w.l(llshl.o)
    0x08000838   0x08000838   0x00000020   Code   RO         1632    .text               mc_w.l(llushr.o)
    0x08000858   0x08000858   0x00000024   Code   RO         1634    .text               mc_w.l(llsshr.o)
    0x0800087c   0x0800087c   0x00000000   Code   RO         1643    .text               mc_w.l(iusefp.o)
    0x0800087c   0x0800087c   0x0000006e   Code   RO         1644    .text               mf_w.l(fepilogue.o)
    0x080008ea   0x080008ea   0x000000ba   Code   RO         1646    .text               mf_w.l(depilogue.o)
    0x080009a4   0x080009a4   0x00000030   Code   RO         1648    .text               mf_w.l(dfixul.o)
    0x080009d4   0x080009d4   0x00000030   Code   RO         1650    .text               mf_w.l(cdrcmple.o)
    0x08000a04   0x08000a04   0x00000024   Code   RO         1656    .text               mc_w.l(init.o)
    0x08000a28   0x08000a28   0x0000002e   Code   RO         1658    .text               mf_w.l(dscalb.o)
    0x08000a56   0x08000a56   0x0000003a   Code   RO         1668    .text               mc_w.l(__dczerorl.o)
    0x08000a90   0x08000a90   0x000001bc   Code   RO          518    i.App_Car_GetAngle  app_car.o
    0x08000c4c   0x08000c4c   0x00000134   Code   RO          519    i.App_Car_PID       app_car.o
    0x08000d80   0x08000d80   0x00000034   Code   RO          552    i.App_Task_GetData  app_task.o
    0x08000db4   0x08000db4   0x00000034   Code   RO          553    i.App_Task_Init     app_task.o
    0x08000de8   0x08000de8   0x00000014   Code   RO          554    i.App_Task_PID      app_task.o
    0x08000dfc   0x08000dfc   0x00000070   Code   RO          555    i.App_Task_Start    app_task.o
    0x08000e6c   0x08000e6c   0x00000278   Code   RO          470    i.Com_Filter_Kalman  com_filter.o
    0x080010e4   0x080010e4   0x00000048   Code   RO          489    i.Com_PID_Balance   com_pid.o
    0x0800112c   0x0800112c   0x00000020   Code   RO          490    i.Com_PID_Turn      com_pid.o
    0x0800114c   0x0800114c   0x000000d8   Code   RO          491    i.Com_PID_Velocity  com_pid.o
    0x08001224   0x08001224   0x000000c0   Code   RO          178    i.Dri_TIM2_Init     dri_tim.o
    0x080012e4   0x080012e4   0x000000ec   Code   RO          179    i.Dri_TIM3_Init     dri_tim.o
    0x080013d0   0x080013d0   0x000000ec   Code   RO          180    i.Dri_TIM4_Init     dri_tim.o
    0x080014bc   0x080014bc   0x00000014   Code   RO          289    i.Driver_I2C1_Ack   dri_i2c.o
    0x080014d0   0x080014d0   0x00000094   Code   RO          290    i.Driver_I2C1_Init  dri_i2c.o
    0x08001564   0x08001564   0x00000014   Code   RO          291    i.Driver_I2C1_NAck  dri_i2c.o
    0x08001578   0x08001578   0x00000034   Code   RO          292    i.Driver_I2C1_Start  dri_i2c.o
    0x080015ac   0x080015ac   0x00000014   Code   RO          293    i.Driver_I2C1_Stop  dri_i2c.o
    0x080015c0   0x080015c0   0x0000002c   Code   RO          294    i.Driver_I2C_ReadByte  dri_i2c.o
    0x080015ec   0x080015ec   0x00000038   Code   RO          295    i.Driver_I2C_SendAddr  dri_i2c.o
    0x08001624   0x08001624   0x00000048   Code   RO          296    i.Driver_I2C_SendByte  dri_i2c.o
    0x0800166c   0x0800166c   0x00000120   Code   RO          205    i.Driver_USART3_Init  dri_usart3.o
    0x0800178c   0x0800178c   0x0000000c   Code   RO          382    i.Int_Encoder_Init  int_encoder.o
    0x08001798   0x08001798   0x00000038   Code   RO          383    i.Int_Encoder_ReadCounter  int_encoder.o
    0x080017d0   0x080017d0   0x00000044   Code   RO          403    i.Int_MPU6050_Get_Accel  int_mpu6050.o
    0x08001814   0x08001814   0x00000044   Code   RO          404    i.Int_MPU6050_Get_Gyro  int_mpu6050.o
    0x08001858   0x08001858   0x00000072   Code   RO          405    i.Int_MPU6050_Init  int_mpu6050.o
    0x080018ca   0x080018ca   0x00000032   Code   RO          406    i.Int_MPU6050_ReadByte  int_mpu6050.o
    0x080018fc   0x080018fc   0x00000050   Code   RO          407    i.Int_MPU6050_ReadBytes  int_mpu6050.o
    0x0800194c   0x0800194c   0x00000034   Code   RO          408    i.Int_MPU6050_SetGyroRate  int_mpu6050.o
    0x08001980   0x08001980   0x00000044   Code   RO          409    i.Int_MPU6050_Set_DLPF_CFG  int_mpu6050.o
    0x080019c4   0x080019c4   0x00000024   Code   RO          410    i.Int_MPU6050_WriteByte  int_mpu6050.o
    0x080019e8   0x080019e8   0x0000003c   Code   RO          346    i.Int_TB6612_Init   int_tb6612.o
    0x08001a24   0x08001a24   0x00000058   Code   RO          347    i.Int_TB6612_MotorA  int_tb6612.o
    0x08001a7c   0x08001a7c   0x00000058   Code   RO          348    i.Int_TB6612_MotorB  int_tb6612.o
    0x08001ad4   0x08001ad4   0x00000068   Code   RO          349    i.Int_TB6612_SetPWM  int_tb6612.o
    0x08001b3c   0x08001b3c   0x00000024   Code   RO          208    i.Serial_Printf     dri_usart3.o
    0x08001b60   0x08001b60   0x0000001c   Code   RO          210    i.Serial_SendByte   dri_usart3.o
    0x08001b7c   0x08001b7c   0x0000001a   Code   RO          212    i.Serial_SendString  dri_usart3.o
    0x08001b96   0x08001b96   0x00000008   Code   RO           24    i.SetSysClock       system_stm32f10x.o
    0x08001b9e   0x08001b9e   0x00000002   PAD
    0x08001ba0   0x08001ba0   0x000000e0   Code   RO           25    i.SetSysClockTo72   system_stm32f10x.o
    0x08001c80   0x08001c80   0x00000010   Code   RO           65    i.SysTick_Handler   main.o
    0x08001c90   0x08001c90   0x00000060   Code   RO           27    i.SystemInit        system_stm32f10x.o
    0x08001cf0   0x08001cf0   0x00000094   Code   RO          213    i.USART3_IRQHandler  dri_usart3.o
    0x08001d84   0x08001d84   0x00000024   Code   RO         1539    i.__0vsprintf       mc_w.l(printfa.o)
    0x08001da8   0x08001da8   0x00000028   Code   RO         1652    i.__ARM_fpclassify  m_ws.l(fpclassify.o)
    0x08001dd0   0x08001dd0   0x000000aa   Code   RO         1654    i.__kernel_poly     m_ws.l(poly.o)
    0x08001e7a   0x08001e7a   0x00000006   Code   RO         1597    i.__mathlib_dbl_infnan  m_ws.l(dunder.o)
    0x08001e80   0x08001e80   0x00000004   Code   RO         1598    i.__mathlib_dbl_infnan2  m_ws.l(dunder.o)
    0x08001e84   0x08001e84   0x00000010   Code   RO         1602    i.__mathlib_dbl_underflow  m_ws.l(dunder.o)
    0x08001e94   0x08001e94   0x0000000e   Code   RO         1662    i.__scatterload_copy  mc_w.l(handlers.o)
    0x08001ea2   0x08001ea2   0x00000002   Code   RO         1663    i.__scatterload_null  mc_w.l(handlers.o)
    0x08001ea4   0x08001ea4   0x0000000e   Code   RO         1664    i.__scatterload_zeroinit  mc_w.l(handlers.o)
    0x08001eb2   0x08001eb2   0x00000002   PAD
    0x08001eb4   0x08001eb4   0x00000184   Code   RO         1540    i._fp_digits        mc_w.l(printfa.o)
    0x08002038   0x08002038   0x000006dc   Code   RO         1541    i._printf_core      mc_w.l(printfa.o)
    0x08002714   0x08002714   0x00000024   Code   RO         1542    i._printf_post_padding  mc_w.l(printfa.o)
    0x08002738   0x08002738   0x0000002e   Code   RO         1543    i._printf_pre_padding  mc_w.l(printfa.o)
    0x08002766   0x08002766   0x0000000a   Code   RO         1545    i._sputc            mc_w.l(printfa.o)
    0x08002770   0x08002770   0x00000220   Code   RO         1587    i.atan              m_ws.l(atan.o)
    0x08002990   0x08002990   0x00000180   Code   RO         1516    i.atan2             m_ws.l(atan2.o)
    0x08002b10   0x08002b10   0x0000001c   Code   RO           66    i.for_delay_ms      main.o
    0x08002b2c   0x08002b2c   0x00000018   Code   RO           67    i.main              main.o
    0x08002b44   0x08002b44   0x000000cc   Code   RO         1043    i.prvAddCurrentTaskToDelayedList  tasks.o
    0x08002c10   0x08002c10   0x000000f0   Code   RO         1044    i.prvAddNewTaskToReadyList  tasks.o
    0x08002d00   0x08002d00   0x00000048   Code   RO         1045    i.prvCheckTasksWaitingTermination  tasks.o
    0x08002d48   0x08002d48   0x00000068   Code   RO         1046    i.prvCreateIdleTasks  tasks.o
    0x08002db0   0x08002db0   0x0000005a   Code   RO         1047    i.prvCreateTask     tasks.o
    0x08002e0a   0x08002e0a   0x00000012   Code   RO         1048    i.prvDeleteTCB      tasks.o
    0x08002e1c   0x08002e1c   0x0000006c   Code   RO         1377    i.prvHeapInit       heap_4.o
    0x08002e88   0x08002e88   0x00000028   Code   RO         1049    i.prvIdleTask       tasks.o
    0x08002eb0   0x08002eb0   0x0000007a   Code   RO         1050    i.prvInitialiseNewTask  tasks.o
    0x08002f2a   0x08002f2a   0x00000002   PAD
    0x08002f2c   0x08002f2c   0x00000068   Code   RO         1051    i.prvInitialiseTaskLists  tasks.o
    0x08002f94   0x08002f94   0x00000068   Code   RO         1378    i.prvInsertBlockIntoFreeList  heap_4.o
    0x08002ffc   0x08002ffc   0x00000030   Code   RO         1052    i.prvResetNextTaskUnblockTime  tasks.o
    0x0800302c   0x0800302c   0x00000016   Code   RO         1445    i.prvTaskExitError  port.o
    0x08003042   0x08003042   0x00000002   PAD
    0x08003044   0x08003044   0x00000100   Code   RO         1380    i.pvPortMalloc      heap_4.o
    0x08003144   0x08003144   0x00000024   Code   RO         1446    i.pxPortInitialiseStack  port.o
    0x08003168   0x08003168   0x000000ac   Code   RO         1054    i.ulTaskGenericNotifyTake  tasks.o
    0x08003214   0x08003214   0x00000028   Code   RO          694    i.uxListRemove      list.o
    0x0800323c   0x0800323c   0x0000001a   Code   RO          695    i.vListInitialise   list.o
    0x08003256   0x08003256   0x00000006   Code   RO          696    i.vListInitialiseItem  list.o
    0x0800325c   0x0800325c   0x00000034   Code   RO          697    i.vListInsert       list.o
    0x08003290   0x08003290   0x00000018   Code   RO          698    i.vListInsertEnd    list.o
    0x080032a8   0x080032a8   0x00000024   Code   RO         1448    i.vPortEnterCritical  port.o
    0x080032cc   0x080032cc   0x00000020   Code   RO         1449    i.vPortExitCritical  port.o
    0x080032ec   0x080032ec   0x0000004c   Code   RO         1381    i.vPortFree         heap_4.o
    0x08003338   0x08003338   0x00000018   Code   RO         1450    i.vPortSetupTimerInterrupt  port.o
    0x08003350   0x08003350   0x000000ec   Code   RO         1061    i.vTaskDelete       tasks.o
    0x0800343c   0x0800343c   0x0000004c   Code   RO         1073    i.vTaskStartScheduler  tasks.o
    0x08003488   0x08003488   0x00000010   Code   RO         1075    i.vTaskSuspendAll   tasks.o
    0x08003498   0x08003498   0x00000068   Code   RO         1076    i.vTaskSwitchContext  tasks.o
    0x08003500   0x08003500   0x00000034   Code   RO         1451    i.xPortStartScheduler  port.o
    0x08003534   0x08003534   0x00000034   Code   RO         1452    i.xPortSysTickHandler  port.o
    0x08003568   0x08003568   0x00000038   Code   RO         1079    i.xTaskCreate       tasks.o
    0x080035a0   0x080035a0   0x00000074   Code   RO         1080    i.xTaskDelayUntil   tasks.o
    0x08003614   0x08003614   0x0000015c   Code   RO         1081    i.xTaskGenericNotify  tasks.o
    0x08003770   0x08003770   0x00000020   Code   RO         1087    i.xTaskGetSchedulerState  tasks.o
    0x08003790   0x08003790   0x0000000c   Code   RO         1088    i.xTaskGetTickCount  tasks.o
    0x0800379c   0x0800379c   0x000001a0   Code   RO         1090    i.xTaskIncrementTick  tasks.o
    0x0800393c   0x0800393c   0x0000017c   Code   RO         1092    i.xTaskResumeAll    tasks.o
    0x08003ab8   0x08003ab8   0x00000098   Data   RO         1588    .constdata          m_ws.l(atan.o)
    0x08003b50   0x08003b50   0x00000008   Data   RO         1610    .constdata          m_ws.l(qnan.o)
    0x08003b58   0x08003b58   0x00000020   Data   RO         1660    Region$$Table       anon$$obj.o


    Execution Region RW_IRAM1 (Exec base: 0x20000000, Load base: 0x08003b78, Size: 0x00004268, Max: 0x00005000, ABSOLUTE, COMPRESSED[0x00000030])

    Exec Addr    Load Addr    Size         Type   Attr      Idx    E Section Name        Object

    0x20000000   COMPRESSED   0x00000003   Data   RW          216    .data               dri_usart3.o
    0x20000003   COMPRESSED   0x00000001   PAD
    0x20000004   COMPRESSED   0x00000054   Data   RW          472    .data               com_filter.o
    0x20000058   COMPRESSED   0x00000008   Data   RW          492    .data               com_pid.o
    0x20000060   COMPRESSED   0x0000005c   Data   RW          520    .data               app_car.o
    0x200000bc   COMPRESSED   0x00000010   Data   RW          556    .data               app_task.o
    0x200000cc   COMPRESSED   0x00000040   Data   RW         1095    .data               tasks.o
    0x2000010c   COMPRESSED   0x0000001c   Data   RW         1388    .data               heap_4.o
    0x20000128   COMPRESSED   0x00000004   Data   RW         1453    .data               port.o
    0x2000012c        -       0x00000064   Zero   RW          215    .bss                dri_usart3.o
    0x20000190        -       0x00000010   Zero   RW          471    .bss                com_filter.o
    0x200001a0        -       0x000000c8   Zero   RW         1094    .bss                tasks.o
    0x20000268        -       0x00003c00   Zero   RW         1387    .bss                heap_4.o
    0x20003e68        -       0x00000400   Zero   RW           17    STACK               startup_stm32f10x_md.o


==============================================================================

Image component sizes


      Code (inc. data)   RO Data    RW Data    ZI Data      Debug   Object Name

       752        242          0         92          0       2381   app_car.o
       236         82          0         16          0       2180   app_task.o
       632         74          0         84         16       1538   com_filter.o
       320         24          0          8          0       2060   com_pid.o
         0          0          0          0          0       4540   core_cm3.o
       432         54          0          0          0       3677   dri_i2c.o
       664         38          0          0          0       1340   dri_tim.o
       526         54          0          3        100      18922   dri_usart3.o
         0          0          0          0          0       1052   event_groups.o
       544         58          0         28      15360       4631   heap_4.o
        68          8          0          0          0        941   int_encoder.o
       536          0          0          0          0       4886   int_mpu6050.o
       340         34          0          0          0       3386   int_tb6612.o
       148          0          0          0          0       2986   list.o
        68          4          0          0          0     218076   main.o
       404         48          0          4          0       8660   port.o
        36          8        236          0       1024        752   startup_stm32f10x_md.o
       328         28          0          0          0       1693   system_stm32f10x.o
      3006        350          0         64        200      32324   tasks.o

    ----------------------------------------------------------------------
      9048       1106        268        300      16700     316025   Object Totals
         0          0         32          0          0          0   (incl. Generated)
         8          0          0          1          0          0   (incl. Padding)

    ----------------------------------------------------------------------

      Code (inc. data)   RO Data    RW Data    ZI Data      Debug   Library Member Name

       544         70        152          0          0        124   atan.o
       384         38          0          0          0        144   atan2.o
        26          6          0          0          0        204   dunder.o
        40          0          0          0          0         68   fpclassify.o
       170          0          0          0          0         96   poly.o
         0          0          8          0          0          0   qnan.o
        58          0          0          0          0          0   __dczerorl.o
         0          0          0          0          0          0   entry.o
         0          0          0          0          0          0   entry10a.o
         0          0          0          0          0          0   entry11a.o
         8          4          0          0          0          0   entry2.o
         4          0          0          0          0          0   entry5.o
         0          0          0          0          0          0   entry7b.o
         0          0          0          0          0          0   entry8b.o
         8          4          0          0          0          0   entry9a.o
        30          0          0          0          0          0   handlers.o
        36          8          0          0          0         68   init.o
         0          0          0          0          0          0   iusefp.o
        30          0          0          0          0         68   llshl.o
        36          0          0          0          0         68   llsshr.o
        32          0          0          0          0         68   llushr.o
        36          0          0          0          0        108   memseta.o
      2272         86          0          0          0        516   printfa.o
        44          0          0          0          0         80   uidiv.o
        98          0          0          0          0         92   uldiv.o
        48          0          0          0          0         68   cdrcmple.o
        56          0          0          0          0         88   d2f.o
       334          0          0          0          0        148   dadd.o
       222          0          0          0          0        100   ddiv.o
       186          0          0          0          0        176   depilogue.o
        62          0          0          0          0         80   dfixi.o
        48          0          0          0          0         68   dfixul.o
        34          0          0          0          0         76   dflti.o
       228          0          0          0          0         96   dmul.o
        46          0          0          0          0         80   dscalb.o
        38          0          0          0          0         68   f2d.o
       176          0          0          0          0        140   fadd.o
       124          0          0          0          0         88   fdiv.o
       110          0          0          0          0        168   fepilogue.o
        50          0          0          0          0         68   ffixi.o
        18          0          0          0          0         68   fflti.o
        10          0          0          0          0         68   ffltui.o
       100          0          0          0          0         76   fmul.o

    ----------------------------------------------------------------------
      5748        216        160          0          0       3428   Library Totals
         2          0          0          0          0          0   (incl. Padding)

    ----------------------------------------------------------------------

      Code (inc. data)   RO Data    RW Data    ZI Data      Debug   Library Name

      1164        114        160          0          0        636   m_ws.l
      2692        102          0          0          0       1068   mc_w.l
      1890          0          0          0          0       1724   mf_w.l

    ----------------------------------------------------------------------
      5748        216        160          0          0       3428   Library Totals

    ----------------------------------------------------------------------

==============================================================================


      Code (inc. data)   RO Data    RW Data    ZI Data      Debug   

     14796       1322        428        300      16700     313549   Grand Totals
     14796       1322        428         48      16700     313549   ELF Image Totals (compressed)
     14796       1322        428         48          0          0   ROM Totals

==============================================================================

    Total RO  Size (Code + RO Data)                15224 (  14.87kB)
    Total RW  Size (RW Data + ZI Data)             17000 (  16.60kB)
    Total ROM Size (Code + RO Data + RW Data)      15272 (  14.91kB)

==============================================================================

